Component: ARM Compiler 5.06 update 7 (build 960) Tool: armlink [4d3601]

==============================================================================

Section Cross References

    startup_stm32f407xx.o(STACK) refers (Special) to heapauxi.o(.text) for __use_two_region_memory
    startup_stm32f407xx.o(HEAP) refers (Special) to heapauxi.o(.text) for __use_two_region_memory
    startup_stm32f407xx.o(RESET) refers (Special) to heapauxi.o(.text) for __use_two_region_memory
    startup_stm32f407xx.o(RESET) refers to startup_stm32f407xx.o(STACK) for __initial_sp
    startup_stm32f407xx.o(RESET) refers to startup_stm32f407xx.o(.text) for Reset_Handler
    startup_stm32f407xx.o(RESET) refers to stm32f4xx_it.o(i.NMI_Handler) for NMI_Handler
    startup_stm32f407xx.o(RESET) refers to stm32f4xx_it.o(i.HardFault_Handler) for HardFault_Handler
    startup_stm32f407xx.o(RESET) refers to stm32f4xx_it.o(i.MemManage_Handler) for MemManage_Handler
    startup_stm32f407xx.o(RESET) refers to stm32f4xx_it.o(i.BusFault_Handler) for BusFault_Handler
    startup_stm32f407xx.o(RESET) refers to stm32f4xx_it.o(i.UsageFault_Handler) for UsageFault_Handler
    startup_stm32f407xx.o(RESET) refers to port.o(.emb_text) for SVC_Handler
    startup_stm32f407xx.o(RESET) refers to stm32f4xx_it.o(i.DebugMon_Handler) for DebugMon_Handler
    startup_stm32f407xx.o(RESET) refers to stm32f4xx_it.o(i.SysTick_Handler) for SysTick_Handler
    startup_stm32f407xx.o(RESET) refers to stm32f4xx_it.o(i.EXTI0_IRQHandler) for EXTI0_IRQHandler
    startup_stm32f407xx.o(RESET) refers to stm32f4xx_it.o(i.EXTI3_IRQHandler) for EXTI3_IRQHandler
    startup_stm32f407xx.o(RESET) refers to stm32f4xx_it.o(i.EXTI4_IRQHandler) for EXTI4_IRQHandler
    startup_stm32f407xx.o(RESET) refers to stm32f4xx_it.o(i.CAN1_RX0_IRQHandler) for CAN1_RX0_IRQHandler
    startup_stm32f407xx.o(RESET) refers to stm32f4xx_it.o(i.EXTI9_5_IRQHandler) for EXTI9_5_IRQHandler
    startup_stm32f407xx.o(RESET) refers to board_talk.o(i.USART1_IRQHandler) for USART1_IRQHandler
    startup_stm32f407xx.o(RESET) refers to remote_control.o(i.USART3_IRQHandler) for USART3_IRQHandler
    startup_stm32f407xx.o(RESET) refers to bsp_i2c.o(i.DMA1_Stream7_IRQHandler) for DMA1_Stream7_IRQHandler
    startup_stm32f407xx.o(RESET) refers to stm32f4xx_it.o(i.DMA2_Stream1_IRQHandler) for DMA2_Stream1_IRQHandler
    startup_stm32f407xx.o(RESET) refers to ins_task.o(i.DMA2_Stream2_IRQHandler) for DMA2_Stream2_IRQHandler
    startup_stm32f407xx.o(RESET) refers to stm32f4xx_it.o(i.CAN2_RX0_IRQHandler) for CAN2_RX0_IRQHandler
    startup_stm32f407xx.o(RESET) refers to stm32f4xx_it.o(i.DMA2_Stream6_IRQHandler) for DMA2_Stream6_IRQHandler
    startup_stm32f407xx.o(RESET) refers to stm32f4xx_it.o(i.DMA2_Stream7_IRQHandler) for DMA2_Stream7_IRQHandler
    startup_stm32f407xx.o(RESET) refers to referee_usart_task.o(i.USART6_IRQHandler) for USART6_IRQHandler
    startup_stm32f407xx.o(.text) refers (Special) to heapauxi.o(.text) for __use_two_region_memory
    startup_stm32f407xx.o(.text) refers to system_stm32f4xx.o(i.SystemInit) for SystemInit
    startup_stm32f407xx.o(.text) refers to __main.o(!!!main) for __main
    startup_stm32f407xx.o(.text) refers to startup_stm32f407xx.o(HEAP) for Heap_Mem
    startup_stm32f407xx.o(.text) refers to startup_stm32f407xx.o(STACK) for Stack_Mem
    main.o(i.SystemClock_Config) refers to rt_memclr_w.o(.text) for __aeabi_memclr4
    main.o(i.SystemClock_Config) refers to stm32f4xx_hal_rcc.o(i.HAL_RCC_OscConfig) for HAL_RCC_OscConfig
    main.o(i.SystemClock_Config) refers to main.o(i.Error_Handler) for Error_Handler
    main.o(i.SystemClock_Config) refers to stm32f4xx_hal_rcc.o(i.HAL_RCC_ClockConfig) for HAL_RCC_ClockConfig
    main.o(i.SystemClock_Config) refers to stm32f4xx_hal_rcc_ex.o(i.HAL_RCCEx_PeriphCLKConfig) for HAL_RCCEx_PeriphCLKConfig
    main.o(i.main) refers to stm32f4xx_hal.o(i.HAL_Init) for HAL_Init
    main.o(i.main) refers to main.o(i.SystemClock_Config) for SystemClock_Config
    main.o(i.main) refers to gpio.o(i.MX_GPIO_Init) for MX_GPIO_Init
    main.o(i.main) refers to dma.o(i.MX_DMA_Init) for MX_DMA_Init
    main.o(i.main) refers to adc.o(i.MX_ADC1_Init) for MX_ADC1_Init
    main.o(i.main) refers to adc.o(i.MX_ADC3_Init) for MX_ADC3_Init
    main.o(i.main) refers to can.o(i.MX_CAN1_Init) for MX_CAN1_Init
    main.o(i.main) refers to can.o(i.MX_CAN2_Init) for MX_CAN2_Init
    main.o(i.main) refers to i2c.o(i.MX_I2C1_Init) for MX_I2C1_Init
    main.o(i.main) refers to spi.o(i.MX_SPI1_Init) for MX_SPI1_Init
    main.o(i.main) refers to tim.o(i.MX_TIM4_Init) for MX_TIM4_Init
    main.o(i.main) refers to tim.o(i.MX_TIM5_Init) for MX_TIM5_Init
    main.o(i.main) refers to usart.o(i.MX_USART3_UART_Init) for MX_USART3_UART_Init
    main.o(i.main) refers to tim.o(i.MX_TIM8_Init) for MX_TIM8_Init
    main.o(i.main) refers to crc.o(i.MX_CRC_Init) for MX_CRC_Init
    main.o(i.main) refers to rng.o(i.MX_RNG_Init) for MX_RNG_Init
[...]
    nx_data                                  0x20000248   Data           8  board_talk.o(.data)
    target_can2_201_angle                    0x20000254   Data           4  engineer_behaviour.o(.data)
    target_can2_202_angle                    0x20000258   Data           4  engineer_behaviour.o(.data)
    target_can2_204_angle                    0x2000025c   Data           4  engineer_behaviour.o(.data)
    target_can2_205_angle                    0x20000260   Data           4  engineer_behaviour.o(.data)
    target_can2_206_angle                    0x20000264   Data           4  engineer_behaviour.o(.data)
    target_can2_207_angle_6020               0x20000268   Data           4  engineer_behaviour.o(.data)
    target_can2_208_angle                    0x2000026c   Data           4  engineer_behaviour.o(.data)
    pid_test_can2_201                        0x20000270   Data           4  engineer_behaviour.o(.data)
    pid_test_can2_202                        0x20000274   Data           4  engineer_behaviour.o(.data)
    pid_test_can2_207_angle_6020             0x20000278   Data           4  engineer_behaviour.o(.data)
    pid_test_can2_204                        0x2000027c   Data           4  engineer_behaviour.o(.data)
    pid_test_can2_205                        0x20000280   Data           4  engineer_behaviour.o(.data)
    pid_test_can2_206                        0x20000284   Data           4  engineer_behaviour.o(.data)
    pid_test_can2_207                        0x20000288   Data           4  engineer_behaviour.o(.data)
    pid_test_can2_208                        0x2000028c   Data           4  engineer_behaviour.o(.data)
    give_angle_test                          0x20000290   Data           4  engineer_behaviour.o(.data)
    give_angle_error_test                    0x20000294   Data           4  engineer_behaviour.o(.data)
    pump_flag_left                           0x20000298   Data           1  engineer_behaviour.o(.data)
    pump_flag_right                          0x20000299   Data           1  engineer_behaviour.o(.data)
    laser_flag_left                          0x2000029a   Data           1  engineer_behaviour.o(.data)
    laser_flag_right                         0x2000029b   Data           1  engineer_behaviour.o(.data)
    pump5_flag                               0x2000029c   Data           4  engineer_behaviour.o(.data)
    pump6_flag                               0x200002a0   Data           4  engineer_behaviour.o(.data)
    pump7_flag                               0x200002a4   Data           4  engineer_behaviour.o(.data)
    pump8_flag                               0x200002a8   Data           4  engineer_behaviour.o(.data)
    pump9_flag                               0x200002ac   Data           4  engineer_behaviour.o(.data)
    pump10_flag                              0x200002b0   Data           4  engineer_behaviour.o(.data)
    pump11_flag                              0x200002b4   Data           4  engineer_behaviour.o(.data)
    pump12_flag                              0x200002b8   Data           4  engineer_behaviour.o(.data)
    low_speed                                0x200002bc   Data           4  engineer_behaviour.o(.data)
    put_mine                                 0x200002c0   Data           4  engineer_behaviour.o(.data)
    Speed_flag                               0x200002c4   Data           4  engineer_behaviour.o(.data)
    time_flag1                               0x200002c8   Data           4  engineer_behaviour.o(.data)
    time_flag2                               0x200002cc   Data           4  engineer_behaviour.o(.data)
    time_flag3                               0x200002d0   Data           4  engineer_behaviour.o(.data)
    gfo2_flag                                0x200002d4   Data           4  engineer_behaviour.o(.data)
    aim_flag                                 0x200002d8   Data           4  engineer_behaviour.o(.data)
    ag_table                                 0x200002dc   Data         192  engineer_behaviour.o(.data)
    Ag_Event                                 0x2000039c   Data           4  engineer_behaviour.o(.data)
    btm_table                                0x200003a0   Data         160  engineer_behaviour.o(.data)
    Btm_Event                                0x20000440   Data           4  engineer_behaviour.o(.data)
    ag_flag                                  0x20000444   Data           4  engineer_behaviour.o(.data)
    start_flag                               0x20000448   Data           4  engineer_behaviour.o(.data)
    BTM_Flag                                 0x2000044c   Data           4  engineer_behaviour.o(.data)
    FONT_SIZE                                0x20000450   Data           4  custom_ui_draw.o(.data)
    card_data                                0x20000454   Data           2  custom_ui_draw.o(.data)
    claw_data                                0x20000456   Data           2  custom_ui_draw.o(.data)
    send_id                                  0x20000458   Data           2  custom_ui_draw.o(.data)
    receive_id                               0x2000045a   Data           2  custom_ui_draw.o(.data)
    seq                                      0x2000045c   Data           1  custom_ui_draw.o(.data)
    CRC16_INIT                               0x2000045e   Data           2  crc8_crc16.o(.data)
    BMI088_ACCEL_SEN                         0x20000460   Data           4  bmi088driver.o(.data)
    BMI088_GYRO_SEN                          0x20000464   Data           4  bmi088driver.o(.data)
    uwTick                                   0x200004ac   Data           4  stm32f4xx_hal.o(.data)
    uwTickPrio                               0x200004b0   Data           4  stm32f4xx_hal.o(.data)
    uwTickFreq                               0x200004b4   Data           1  stm32f4xx_hal.o(.data)
    SystemCoreClock                          0x200004b8   Data           4  system_stm32f4xx.o(.data)
    pxCurrentTCB                             0x200004bc   Data           4  tasks.o(.data)
    speed_pid                                0x20000c18   Data          68  chassis_task.o(.bss)
    chassis_move                             0x20000c5c   Data         684  chassis_task.o(.bss)
    gimbal_control                           0x20000f20   Data        2124  gimbal_task.o(.bss)
    usart6_buf                               0x2000176c   Data        1024  referee_usart_task.o(.bss)
    referee_fifo                             0x20001b6c   Data          24  referee_usart_task.o(.bss)
    referee_fifo_buf                         0x20001b84   Data        1024  referee_usart_task.o(.bss)
    referee_unpack_obj                       0x20001f84   Data         137  referee_usart_task.o(.bss)
    error_list                               0x2000200d   Data         540  detect_task.o(.bss)
    accel_dma_rx_buf                         0x2000228c   Data           9  ins_task.o(.bss)
    bmi088_real_data                         0x20002298   Data          36  ins_task.o(.bss)
    gyro_offset                              0x200022bc   Data          12  ins_task.o(.bss)
    gyro_cali_offset                         0x200022c8   Data          12  ins_task.o(.bss)
    accel_offset                             0x200022d4   Data          12  ins_task.o(.bss)
    accel_cali_offset                        0x200022e0   Data          12  ins_task.o(.bss)
    ist8310_real_data                        0x200022ec   Data          16  ins_task.o(.bss)
    mag_offset                               0x200022fc   Data          12  ins_task.o(.bss)
    mag_cali_offset                          0x20002308   Data          12  ins_task.o(.bss)
    INS_data                                 0x20002314   Data          36  ins_task.o(.bss)
    INS_angle                                0x200023d4   Data          12  ins_task.o(.bss)
    hadc1                                    0x200023e0   Data          72  adc.o(.bss)
    hadc3                                    0x20002428   Data          72  adc.o(.bss)
    hcan1                                    0x20002470   Data          40  can.o(.bss)
    hcan2                                    0x20002498   Data          40  can.o(.bss)
    hi2c1                                    0x200024c0   Data          84  i2c.o(.bss)
    hi2c2                                    0x20002514   Data          84  i2c.o(.bss)
    hi2c3                                    0x20002568   Data          84  i2c.o(.bss)
    hdma_i2c2_tx                             0x200025bc   Data          96  i2c.o(.bss)
    hrng                                     0x2000261c   Data          16  rng.o(.bss)
    hspi1                                    0x2000262c   Data          88  spi.o(.bss)
    hspi2                                    0x20002684   Data          88  spi.o(.bss)
    hdma_spi1_rx                             0x200026dc   Data          96  spi.o(.bss)
    hdma_spi1_tx                             0x2000273c   Data          96  spi.o(.bss)
    hrtc                                     0x2000279c   Data          32  rtc.o(.bss)
    htim1                                    0x200027bc   Data          64  tim.o(.bss)
    htim3                                    0x200027fc   Data          64  tim.o(.bss)
    htim4                                    0x2000283c   Data          64  tim.o(.bss)
    htim5                                    0x2000287c   Data          64  tim.o(.bss)
    htim8                                    0x200028bc   Data          64  tim.o(.bss)
    htim10                                   0x200028fc   Data          64  tim.o(.bss)
    huart1                                   0x2000293c   Data          64  usart.o(.bss)
    huart3                                   0x2000297c   Data          64  usart.o(.bss)
    huart6                                   0x200029bc   Data          64  usart.o(.bss)
    hdma_usart1_tx                           0x200029fc   Data          96  usart.o(.bss)
    hdma_usart1_rx                           0x20002a5c   Data          96  usart.o(.bss)
    hdma_usart3_rx                           0x20002abc   Data          96  usart.o(.bss)
    hdma_usart6_rx                           0x20002b1c   Data          96  usart.o(.bss)
    hdma_usart6_tx                           0x20002b7c   Data          96  usart.o(.bss)
    motor_chassis                            0x20002be0   Data          96  can_receive.o(.bss)
    motor_gimbal                             0x20002c40   Data         168  can_receive.o(.bss)
    rc_ctrl                                  0x20002d30   Data          22  remote_control.o(.bss)
    sbus_rx_buf                              0x20002d46   Data          72  remote_control.o(.bss)
    game_robot_HP_t                          0x20002da2   Data          28  referee.o(.bss)
    robot_state                              0x20002dbe   Data          15  referee.o(.bss)
    power_heat_data_t                        0x20002dcd   Data          14  referee.o(.bss)
    game_robot_pos_t                         0x20002ddb   Data          16  referee.o(.bss)
    student_interactive_data_t               0x20002deb   Data          12  referee.o(.bss)
    DATA_Receive                             0x20002df8   Data          28  board_talk.o(.bss)
    DATA_Receive_buf                         0x20002e14   Data          28  board_talk.o(.bss)
    slave_board_receive                      0x20002e30   Data         212  board_talk.o(.bss)
    nx_board_recive                          0x20002f04   Data          52  board_talk.o(.bss)
    imu_data                                 0x20002f38   Data          36  board_talk.o(.bss)
    board_talk_recive_data                   0x20002f5c   Data          48  board_talk.o(.bss)
    servo_angle                              0x20002fa4   Data          32  engineer_behaviour.o(.bss)
    Air_Get                                  0x20002fc4   Data          16  engineer_behaviour.o(.bss)
    Big_Take_Mine                            0x20002fd4   Data          16  engineer_behaviour.o(.bss)
    pFlash                                   0x20002fe4   Data          32  stm32f4xx_hal_flash.o(.bss)
    xQueueRegistry                           0x20003004   Data          64  queue.o(.bss)
    __libspace_start                         0x20009244   Data          96  libspace.o(.bss)
    __temporary_stack_top$libspace           0x200092a4   Data           0  libspace.o(.bss)



==============================================================================

Memory Map of the image

  Image Entry point : 0x08000189

  Load Region LR_IROM1 (Base: 0x08000000, Size: 0x00015688, Max: 0x00100000, ABSOLUTE, COMPRESSED[0x000152e4])

    Execution Region ER_IROM1 (Exec base: 0x08000000, Load base: 0x08000000, Size: 0x00015148, Max: 0x00100000, ABSOLUTE)

    Exec Addr    Load Addr    Size         Type   Attr      Idx    E Section Name        Object

    0x08000000   0x08000000   0x00000188   Data   RO            3    RESET               startup_stm32f407xx.o
    0x08000188   0x08000188   0x00000008   Code   RO        10980  * !!!main             c_w.l(__main.o)
    0x08000190   0x08000190   0x00000034   Code   RO        11507    !!!scatter          c_w.l(__scatter.o)
    0x080001c4   0x080001c4   0x0000005a   Code   RO        11505    !!dczerorl2         c_w.l(__dczerorl2.o)
    0x0800021e   0x0800021e   0x00000002   PAD
    0x08000220   0x08000220   0x0000001c   Code   RO        11509    !!handler_zi        c_w.l(__scatter_zi.o)
    0x0800023c   0x0800023c   0x00000002   Code   RO        11433    .ARM.Collect$$libinit$$00000000  c_w.l(libinit.o)
    0x0800023e   0x0800023e   0x00000004   Code   RO        11195    .ARM.Collect$$libinit$$00000001  c_w.l(libinit2.o)
    0x08000242   0x08000242   0x00000000   Code   RO        11198    .ARM.Collect$$libinit$$00000004  c_w.l(libinit2.o)
    0x08000242   0x08000242   0x00000000   Code   RO        11201    .ARM.Collect$$libinit$$0000000A  c_w.l(libinit2.o)
    0x08000242   0x08000242   0x00000000   Code   RO        11203    .ARM.Collect$$libinit$$0000000C  c_w.l(libinit2.o)
    0x08000242   0x08000242   0x00000000   Code   RO        11205    .ARM.Collect$$libinit$$0000000E  c_w.l(libinit2.o)
    0x08000242   0x08000242   0x00000000   Code   RO        11208    .ARM.Collect$$libinit$$00000011  c_w.l(libinit2.o)
    0x08000242   0x08000242   0x00000000   Code   RO        11210    .ARM.Collect$$libinit$$00000013  c_w.l(libinit2.o)
    0x08000242   0x08000242   0x00000000   Code   RO        11212    .ARM.Collect$$libinit$$00000015  c_w.l(libinit2.o)
    0x08000242   0x08000242   0x00000000   Code   RO        11214    .ARM.Collect$$libinit$$00000017  c_w.l(libinit2.o)
    0x08000242   0x08000242   0x00000000   Code   RO        11216    .ARM.Collect$$libinit$$00000019  c_w.l(libinit2.o)
    0x08000242   0x08000242   0x00000000   Code   RO        11218    .ARM.Collect$$libinit$$0000001B  c_w.l(libinit2.o)
    0x08000242   0x08000242   0x00000000   Code   RO        11220    .ARM.Collect$$libinit$$0000001D  c_w.l(libinit2.o)
    0x08000242   0x08000242   0x00000000   Code   RO        11222    .ARM.Collect$$libinit$$0000001F  c_w.l(libinit2.o)
    0x08000242   0x08000242   0x00000000   Code   RO        11224    .ARM.Collect$$libinit$$00000021  c_w.l(libinit2.o)
    0x08000242   0x08000242   0x00000000   Code   RO        11226    .ARM.Collect$$libinit$$00000023  c_w.l(libinit2.o)
    0x08000242   0x08000242   0x00000000   Code   RO        11228    .ARM.Collect$$libinit$$00000025  c_w.l(libinit2.o)
    0x08000242   0x08000242   0x00000000   Code   RO        11232    .ARM.Collect$$libinit$$0000002C  c_w.l(libinit2.o)
    0x08000242   0x08000242   0x00000000   Code   RO        11234    .ARM.Collect$$libinit$$0000002E  c_w.l(libinit2.o)
    0x08000242   0x08000242   0x00000000   Code   RO        11236    .ARM.Collect$$libinit$$00000030  c_w.l(libinit2.o)
    0x08000242   0x08000242   0x00000000   Code   RO        11238    .ARM.Collect$$libinit$$00000032  c_w.l(libinit2.o)
    0x08000242   0x08000242   0x00000002   Code   RO        11239    .ARM.Collect$$libinit$$00000033  c_w.l(libinit2.o)
    0x08000244   0x08000244   0x00000002   Code   RO        11502    .ARM.Collect$$libshutdown$$00000000  c_w.l(libshutdown.o)
    0x08000246   0x08000246   0x00000000   Code   RO        11458    .ARM.Collect$$libshutdown$$00000002  c_w.l(libshutdown2.o)
    0x08000246   0x08000246   0x00000000   Code   RO        11460    .ARM.Collect$$libshutdown$$00000004  c_w.l(libshutdown2.o)
    0x08000246   0x08000246   0x00000000   Code   RO        11462    .ARM.Collect$$libshutdown$$00000006  c_w.l(libshutdown2.o)
    0x08000246   0x08000246   0x00000000   Code   RO        11465    .ARM.Collect$$libshutdown$$00000009  c_w.l(libshutdown2.o)
    0x08000246   0x08000246   0x00000000   Code   RO        11468    .ARM.Collect$$libshutdown$$0000000C  c_w.l(libshutdown2.o)
    0x08000246   0x08000246   0x00000000   Code   RO        11470    .ARM.Collect$$libshutdown$$0000000E  c_w.l(libshutdown2.o)
    0x08000246   0x08000246   0x00000000   Code   RO        11473    .ARM.Collect$$libshutdown$$00000011  c_w.l(libshutdown2.o)
    0x08000246   0x08000246   0x00000002   Code   RO        11474    .ARM.Collect$$libshutdown$$00000012  c_w.l(libshutdown2.o)
    0x08000248   0x08000248   0x00000000   Code   RO        11070    .ARM.Collect$$rtentry$$00000000  c_w.l(__rtentry.o)
    0x08000248   0x08000248   0x00000000   Code   RO        11306    .ARM.Collect$$rtentry$$00000002  c_w.l(__rtentry2.o)
    0x08000248   0x08000248   0x00000006   Code   RO        11318    .ARM.Collect$$rtentry$$00000004  c_w.l(__rtentry4.o)
    0x0800024e   0x0800024e   0x00000000   Code   RO        11308    .ARM.Collect$$rtentry$$00000009  c_w.l(__rtentry2.o)
    0x0800024e   0x0800024e   0x00000004   Code   RO        11309    .ARM.Collect$$rtentry$$0000000A  c_w.l(__rtentry2.o)
    0x08000252   0x08000252   0x00000000   Code   RO        11311    .ARM.Collect$$rtentry$$0000000C  c_w.l(__rtentry2.o)
    0x08000252   0x08000252   0x00000008   Code   RO        11312    .ARM.Collect$$rtentry$$0000000D  c_w.l(__rtentry2.o)
    0x0800025a   0x0800025a   0x00000002   Code   RO        11440    .ARM.Collect$$rtexit$$00000000  c_w.l(rtexit.o)
    0x0800025c   0x0800025c   0x00000000   Code   RO        11478    .ARM.Collect$$rtexit$$00000002  c_w.l(rtexit2.o)
    0x0800025c   0x0800025c   0x00000004   Code   RO        11479    .ARM.Collect$$rtexit$$00000003  c_w.l(rtexit2.o)
    0x08000260   0x08000260   0x00000006   Code   RO        11480    .ARM.Collect$$rtexit$$00000004  c_w.l(rtexit2.o)
    0x08000266   0x08000266   0x00000002   PAD
    0x08000268   0x08000268   0x000000be   Code   RO        10573    .emb_text           port.o
    0x08000326   0x08000326   0x00000002   PAD
    0x08000328   0x08000328   0x00000040   Code   RO            4    .text               startup_stm32f407xx.o
    0x08000368   0x08000368   0x00000078   Code   RO        10740    .text               arm_cortexM4lf_math.lib(arm_cos_f32.o)
    0x080003e0   0x080003e0   0x00000074   Code   RO        10793    .text               arm_cortexM4lf_math.lib(arm_sin_f32.o)
    0x08000454   0x08000454   0x000000ee   Code   RO        10960    .text               c_w.l(lludivv7m.o)
    0x08000542   0x08000542   0x0000003e   Code   RO        10964    .text               c_w.l(strlen.o)
    0x08000580   0x08000580   0x0000008a   Code   RO        10966    .text               c_w.l(rt_memcpy_v6.o)
    0x0800060a   0x0800060a   0x00000064   Code   RO        10968    .text               c_w.l(rt_memcpy_w.o)
    0x0800066e   0x0800066e   0x00000010   Code   RO        10972    .text               c_w.l(aeabi_memset.o)
    0x0800067e   0x0800067e   0x00000044   Code   RO        10974    .text               c_w.l(rt_memclr.o)
    0x080006c2   0x080006c2   0x0000004e   Code   RO        10976    .text               c_w.l(rt_memclr_w.o)
    0x08000710   0x08000710   0x00000006   Code   RO        10978    .text               c_w.l(heapauxi.o)
    0x08000716   0x08000716   0x00000016   Code   RO        11100    .text               c_w.l(_rserrno.o)
    0x0800072c   0x0800072c   0x00000008   Code   RO        11302    .text               c_w.l(libspace.o)
    0x08000734   0x08000734   0x00000008   Code   RO        11325    .text               c_w.l(rt_errno_addr_intlibspace.o)
    0x0800073c   0x0800073c   0x00000030   Code   RO        11337    .text               c_w.l(_fptrap.o)
    0x0800076c   0x0800076c   0x00000002   Code   RO        11368    .text               c_w.l(use_no_semi.o)
    0x0800076e   0x0800076e   0x00000000   Code   RO        11370    .text               c_w.l(indicate_semi.o)
    0x0800076e   0x0800076e   0x0000004a   Code   RO        11371    .text               c_w.l(sys_stackheap_outer.o)
    0x080007b8   0x080007b8   0x00000012   Code   RO        11414    .text               c_w.l(exit.o)
    0x080007ca   0x080007ca   0x0000000a   Code   RO        11416    .text               c_w.l(defsig_exit.o)
    0x080007d4   0x080007d4   0x0000000e   Code   RO        11418    .text               c_w.l(defsig_fpe_outer.o)
    0x080007e2   0x080007e2   0x00000002   PAD
    0x080007e4   0x080007e4   0x0000000c   Code   RO        11438    .text               c_w.l(sys_exit.o)
    0x080007f0   0x080007f0   0x00000032   Code   RO        11451    .text               c_w.l(defsig_general.o)
    0x08000822   0x08000822   0x00000002   PAD
    0x08000824   0x08000824   0x000000ac   Code   RO        11453    .text               c_w.l(defsig_fpe_inner.o)
    0x080008d0   0x080008d0   0x0000000e   Code   RO        11475    .text               c_w.l(sys_wrch.o)
    0x080008de   0x080008de   0x00000002   PAD
    0x080008e0   0x080008e0   0x00000160   Code   RO         4842    i.ADC_Init          stm32f4xx_hal_adc.o
    0x08000a40   0x08000a40   0x00000018   Code   RO         2472    i.AHRS_asinf        ahrs_middleware.o
    0x08000a58   0x08000a58   0x00000020   Code   RO         2473    i.AHRS_atan2f       ahrs_middleware.o
    0x08000a78   0x08000a78   0x00000018   Code   RO         2474    i.AHRS_cosf         ahrs_middleware.o
    0x08000a90   0x08000a90   0x0000001a   Code   RO        10650    i.AHRS_fabs         AHRS.lib(ahrs.o)
    0x08000aaa   0x08000aaa   0x00000002   PAD
    0x08000aac   0x08000aac   0x00000010   Code   RO         2475    i.AHRS_get_height   ahrs_middleware.o
    0x08000abc   0x08000abc   0x0000000c   Code   RO         2476    i.AHRS_get_latitude  ahrs_middleware.o
    0x08000ac8   0x08000ac8   0x0000029c   Code   RO        10651    i.AHRS_init         AHRS.lib(ahrs.o)
    0x08000d64   0x08000d64   0x00000050   Code   RO         2477    i.AHRS_invSqrt      ahrs_middleware.o
    0x08000db4   0x08000db4   0x00000018   Code   RO         2478    i.AHRS_sinf         ahrs_middleware.o
    0x08000dcc   0x08000dcc   0x0000013a   Code   RO        10652    i.AHRS_update       AHRS.lib(ahrs.o)
    0x08000f06   0x08000f06   0x00000002   PAD
    0x08000f08   0x08000f08   0x00000014   Code   RO         3322    i.BMI088_ACCEL_NS_H  bmi088middleware.o
    0x08000f1c   0x08000f1c   0x00000014   Code   RO         3323    i.BMI088_ACCEL_NS_L  bmi088middleware.o
    0x08000f30   0x08000f30   0x00000002   Code   RO         3324    i.BMI088_GPIO_init  bmi088middleware.o
    0x08000f32   0x08000f32   0x00000002   PAD
    0x08000f34   0x08000f34   0x00000014   Code   RO         3325    i.BMI088_GYRO_NS_H  bmi088middleware.o
    0x08000f48   0x08000f48   0x00000014   Code   RO         3326    i.BMI088_GYRO_NS_L  bmi088middleware.o
    0x08000f5c   0x08000f5c   0x00000090   Code   RO         3186    i.BMI088_accel_read_over  bmi088driver.o
    0x08000fec   0x08000fec   0x00000002   Code   RO         3327    i.BMI088_com_init   bmi088middleware.o
    0x08000fee   0x08000fee   0x0000000c   Code   RO         3328    i.BMI088_delay_ms   bmi088middleware.o
    0x08000ffa   0x08000ffa   0x0000000c   Code   RO         3329    i.BMI088_delay_us   bmi088middleware.o
    0x08001006   0x08001006   0x00000002   PAD
    0x08001008   0x08001008   0x00000068   Code   RO         3187    i.BMI088_gyro_read_over  bmi088driver.o
    0x08001070   0x08001070   0x00000034   Code   RO         3188    i.BMI088_init       bmi088driver.o
    0x080010a4   0x080010a4   0x0000017c   Code   RO         3189    i.BMI088_read       bmi088driver.o
    0x08001220   0x08001220   0x00000026   Code   RO         3192    i.BMI088_read_muli_reg  bmi088driver.o
    0x08001246   0x08001246   0x00000018   Code   RO         3193    i.BMI088_read_single_reg  bmi088driver.o
    0x0800125e   0x0800125e   0x00000002   PAD
    0x08001260   0x08001260   0x00000020   Code   RO         3330    i.BMI088_read_write_byte  bmi088middleware.o
    0x08001280   0x08001280   0x00000034   Code   RO         3194    i.BMI088_temperature_read_over  bmi088driver.o
    0x080012b4   0x080012b4   0x00000014   Code   RO         3195    i.BMI088_write_single_reg  bmi088driver.o
    0x080012c8   0x080012c8   0x00000004   Code   RO          430    i.BusFault_Handler  stm32f4xx_it.o
    0x080012cc   0x080012cc   0x00000010   Code   RO          431    i.CAN1_RX0_IRQHandler  stm32f4xx_it.o
    0x080012dc   0x080012dc   0x00000010   Code   RO          432    i.CAN2_RX0_IRQHandler  stm32f4xx_it.o
    0x080012ec   0x080012ec   0x00000050   Code   RO         1705    i.CAN2_cmd_gimbal   can_receive.o
    0x0800133c   0x0800133c   0x00000050   Code   RO         1706    i.CAN2_cmd_gimbal_tai  can_receive.o
    0x0800138c   0x0800138c   0x00000050   Code   RO         1708    i.CAN_cmd_chassis   can_receive.o
    0x080013dc   0x080013dc   0x0000009c   Code   RO         1710    i.Calc_3508_Angle   can_receive.o
    0x08001478   0x08001478   0x0000009c   Code   RO         1712    i.Calc_6020_Angle_Gimbal  can_receive.o
    0x08001514   0x08001514   0x0000007c   Code   RO         3925    i.DMA1_Stream7_IRQHandler  bsp_i2c.o
    0x08001590   0x08001590   0x00000010   Code   RO          433    i.DMA2_Stream1_IRQHandler  stm32f4xx_it.o
    0x080015a0   0x080015a0   0x00000898   Code   RO         1005    i.DMA2_Stream2_IRQHandler  ins_task.o
    0x08001e38   0x08001e38   0x00000010   Code   RO          434    i.DMA2_Stream6_IRQHandler  stm32f4xx_it.o
    0x08001e48   0x08001e48   0x00000010   Code   RO          435    i.DMA2_Stream7_IRQHandler  stm32f4xx_it.o
    0x08001e58   0x08001e58   0x00000034   Code   RO         8452    i.DMA_CalcBaseAndBitshift  stm32f4xx_hal_dma.o
    0x08001e8c   0x08001e8c   0x000000aa   Code   RO         8453    i.DMA_CheckFifoParam  stm32f4xx_hal_dma.o
    0x08001f36   0x08001f36   0x00000002   Code   RO          436    i.DebugMon_Handler  stm32f4xx_it.o
    0x08001f38   0x08001f38   0x0000000a   Code   RO          437    i.EXTI0_IRQHandler  stm32f4xx_it.o
    0x08001f42   0x08001f42   0x0000000a   Code   RO          438    i.EXTI3_IRQHandler  stm32f4xx_it.o
    0x08001f4c   0x08001f4c   0x0000000a   Code   RO          439    i.EXTI4_IRQHandler  stm32f4xx_it.o
    0x08001f56   0x08001f56   0x0000000a   Code   RO          440    i.EXTI9_5_IRQHandler  stm32f4xx_it.o
    0x08001f60   0x08001f60   0x00000002   Code   RO           13    i.Error_Handler     main.o
    0x08001f62   0x08001f62   0x00000002   PAD
    0x08001f64   0x08001f64   0x0000005c   Code   RO         8222    i.FLASH_Erase_Sector  stm32f4xx_hal_flash_ex.o
    0x08001fc0   0x08001fc0   0x00000078   Code   RO         8223    i.FLASH_FlushCaches  stm32f4xx_hal_flash_ex.o
    0x08002038   0x08002038   0x00000030   Code   RO         8224    i.FLASH_MassErase   stm32f4xx_hal_flash_ex.o
    0x08002068   0x08002068   0x00000024   Code   RO         8104    i.FLASH_Program_Byte  stm32f4xx_hal_flash.o
    0x0800208c   0x0800208c   0x0000002c   Code   RO         8105    i.FLASH_Program_DoubleWord  stm32f4xx_hal_flash.o
    0x080020b8   0x080020b8   0x00000028   Code   RO         8106    i.FLASH_Program_HalfWord  stm32f4xx_hal_flash.o
    0x080020e0   0x080020e0   0x00000028   Code   RO         8107    i.FLASH_Program_Word  stm32f4xx_hal_flash.o
    0x08002108   0x08002108   0x00000098   Code   RO         8108    i.FLASH_SetErrorCode  stm32f4xx_hal_flash.o
    0x080021a0   0x080021a0   0x00000064   Code   RO         8109    i.FLASH_WaitForLastOperation  stm32f4xx_hal_flash.o
    0x08002204   0x08002204   0x00000074   Code   RO         2764    i.FSM_EventHandle   fsm.o
    0x08002278   0x08002278   0x00000004   Code   RO         2765    i.FSM_Regist        fsm.o
    0x0800227c   0x0800227c   0x00000008   Code   RO         2766    i.FSM_StateTransfer  fsm.o
    0x08002284   0x08002284   0x0000018c   Code   RO         4844    i.HAL_ADC_ConfigChannel  stm32f4xx_hal_adc.o
    0x08002410   0x08002410   0x00000068   Code   RO         4853    i.HAL_ADC_Init      stm32f4xx_hal_adc.o
    0x08002478   0x08002478   0x000000ac   Code   RO         1195    i.HAL_ADC_MspInit   adc.o
    0x08002524   0x08002524   0x0000002a   Code   RO         5115    i.HAL_CAN_ActivateNotification  stm32f4xx_hal_can.o
    0x0800254e   0x0800254e   0x00000156   Code   RO         5116    i.HAL_CAN_AddTxMessage  stm32f4xx_hal_can.o
    0x080026a4   0x080026a4   0x00000124   Code   RO         5117    i.HAL_CAN_ConfigFilter  stm32f4xx_hal_can.o
    0x080027c8   0x080027c8   0x00000002   Code   RO         5120    i.HAL_CAN_ErrorCallback  stm32f4xx_hal_can.o
    0x080027ca   0x080027ca   0x0000017c   Code   RO         5123    i.HAL_CAN_GetRxMessage  stm32f4xx_hal_can.o
    0x08002946   0x08002946   0x0000024e   Code   RO         5127    i.HAL_CAN_IRQHandler  stm32f4xx_hal_can.o
    0x08002b94   0x08002b94   0x00000174   Code   RO         5128    i.HAL_CAN_Init      stm32f4xx_hal_can.o
    0x08002d08   0x08002d08   0x00000160   Code   RO         1243    i.HAL_CAN_MspInit   can.o
    0x08002e68   0x08002e68   0x00000002   Code   RO         5135    i.HAL_CAN_RxFifo0FullCallback  stm32f4xx_hal_can.o
    0x08002e6a   0x08002e6a   0x00000002   PAD
    0x08002e6c   0x08002e6c   0x0000040c   Code   RO         1713    i.HAL_CAN_RxFifo0MsgPendingCallback  can_receive.o
    0x08003278   0x08003278   0x00000002   Code   RO         5137    i.HAL_CAN_RxFifo1FullCallback  stm32f4xx_hal_can.o
    0x0800327a   0x0800327a   0x00000002   Code   RO         5138    i.HAL_CAN_RxFifo1MsgPendingCallback  stm32f4xx_hal_can.o
    0x0800327c   0x0800327c   0x00000002   Code   RO         5139    i.HAL_CAN_SleepCallback  stm32f4xx_hal_can.o
    0x0800327e   0x0800327e   0x0000005e   Code   RO         5140    i.HAL_CAN_Start     stm32f4xx_hal_can.o
    0x080032dc   0x080032dc   0x00000002   Code   RO         5142    i.HAL_CAN_TxMailbox0AbortCallback  stm32f4xx_hal_can.o
    0x080032de   0x080032de   0x00000002   Code   RO         5143    i.HAL_CAN_TxMailbox0CompleteCallback  stm32f4xx_hal_can.o
    0x080032e0   0x080032e0   0x00000002   Code   RO         5144    i.HAL_CAN_TxMailbox1AbortCallback  stm32f4xx_hal_can.o
    0x080032e2   0x080032e2   0x00000002   Code   RO         5145    i.HAL_CAN_TxMailbox1CompleteCallback  stm32f4xx_hal_can.o
    0x080032e4   0x080032e4   0x00000002   Code   RO         5146    i.HAL_CAN_TxMailbox2AbortCallback  stm32f4xx_hal_can.o
    0x080032e6   0x080032e6   0x00000002   Code   RO         5147    i.HAL_CAN_TxMailbox2CompleteCallback  stm32f4xx_hal_can.o
    0x080032e8   0x080032e8   0x00000002   Code   RO         5149    i.HAL_CAN_WakeUpFromRxMsgCallback  stm32f4xx_hal_can.o
    0x080032ea   0x080032ea   0x00000024   Code   RO         5352    i.HAL_CRC_Init      stm32f4xx_hal_crc.o
    0x0800330e   0x0800330e   0x00000002   PAD
    0x08003310   0x08003310   0x00000034   Code   RO         1292    i.HAL_CRC_MspInit   crc.o
    0x08003344   0x08003344   0x00000240   Code   RO         8460    i.HAL_DMA_IRQHandler  stm32f4xx_hal_dma.o
    0x08003584   0x08003584   0x000000ec   Code   RO         8461    i.HAL_DMA_Init      stm32f4xx_hal_dma.o
    0x08003670   0x08003670   0x000000ac   Code   RO         8234    i.HAL_FLASHEx_Erase  stm32f4xx_hal_flash_ex.o
    0x0800371c   0x0800371c   0x00000014   Code   RO         8113    i.HAL_FLASH_Lock    stm32f4xx_hal_flash.o
    0x08003730   0x08003730   0x00000098   Code   RO         8118    i.HAL_FLASH_Program  stm32f4xx_hal_flash.o
    0x080037c8   0x080037c8   0x00000034   Code   RO         8120    i.HAL_FLASH_Unlock  stm32f4xx_hal_flash.o
    0x080037fc   0x080037fc   0x000000b8   Code   RO         1006    i.HAL_GPIO_EXTI_Callback  ins_task.o
    0x080038b4   0x080038b4   0x0000001c   Code   RO         8347    i.HAL_GPIO_EXTI_IRQHandler  stm32f4xx_hal_gpio.o
    0x080038d0   0x080038d0   0x00000200   Code   RO         8348    i.HAL_GPIO_Init     stm32f4xx_hal_gpio.o
    0x08003ad0   0x08003ad0   0x00000010   Code   RO         8350    i.HAL_GPIO_ReadPin  stm32f4xx_hal_gpio.o
    0x08003ae0   0x08003ae0   0x0000000c   Code   RO         8352    i.HAL_GPIO_WritePin  stm32f4xx_hal_gpio.o
    0x08003aec   0x08003aec   0x0000000c   Code   RO         8885    i.HAL_GetTick       stm32f4xx_hal.o
    0x08003af8   0x08003af8   0x000001b8   Code   RO         5419    i.HAL_I2C_Init      stm32f4xx_hal_i2c.o
    0x08003cb0   0x08003cb0   0x000002f4   Code   RO         5437    i.HAL_I2C_Mem_Read  stm32f4xx_hal_i2c.o
    0x08003fa4   0x08003fa4   0x00000164   Code   RO         5440    i.HAL_I2C_Mem_Write  stm32f4xx_hal_i2c.o
    0x08004108   0x08004108   0x00000208   Code   RO         1382    i.HAL_I2C_MspInit   i2c.o
    0x08004310   0x08004310   0x00000018   Code   RO         8891    i.HAL_IncTick       stm32f4xx_hal.o
    0x08004328   0x08004328   0x0000003c   Code   RO         8892    i.HAL_Init          stm32f4xx_hal.o
    0x08004364   0x08004364   0x0000004c   Code   RO         8893    i.HAL_InitTick      stm32f4xx_hal.o
    0x080043b0   0x080043b0   0x00000054   Code   RO          406    i.HAL_MspInit       stm32f4xx_hal_msp.o
    0x08004404   0x08004404   0x00000020   Code   RO         8737    i.HAL_NVIC_EnableIRQ  stm32f4xx_hal_cortex.o
    0x08004424   0x08004424   0x0000007c   Code   RO         8743    i.HAL_NVIC_SetPriority  stm32f4xx_hal_cortex.o
    0x080044a0   0x080044a0   0x00000028   Code   RO         8744    i.HAL_NVIC_SetPriorityGrouping  stm32f4xx_hal_cortex.o
    0x080044c8   0x080044c8   0x000001a0   Code   RO         8054    i.HAL_RCCEx_PeriphCLKConfig  stm32f4xx_hal_rcc_ex.o
    0x08004668   0x08004668   0x00000180   Code   RO         7949    i.HAL_RCC_ClockConfig  stm32f4xx_hal_rcc.o
    0x080047e8   0x080047e8   0x0000000c   Code   RO         7954    i.HAL_RCC_GetHCLKFreq  stm32f4xx_hal_rcc.o
    0x080047f4   0x080047f4   0x00000020   Code   RO         7956    i.HAL_RCC_GetPCLK1Freq  stm32f4xx_hal_rcc.o
    0x08004814   0x08004814   0x00000020   Code   RO         7957    i.HAL_RCC_GetPCLK2Freq  stm32f4xx_hal_rcc.o
    0x08004834   0x08004834   0x000000b0   Code   RO         7958    i.HAL_RCC_GetSysClockFreq  stm32f4xx_hal_rcc.o
    0x080048e4   0x080048e4   0x00000448   Code   RO         7961    i.HAL_RCC_OscConfig  stm32f4xx_hal_rcc.o
    0x08004d2c   0x08004d2c   0x00000034   Code   RO         5897    i.HAL_RNG_Init      stm32f4xx_hal_rng.o
    0x08004d60   0x08004d60   0x00000034   Code   RO         1436    i.HAL_RNG_MspInit   rng.o
    0x08004d94   0x08004d94   0x000000d8   Code   RO         5998    i.HAL_RTC_Init      stm32f4xx_hal_rtc.o
    0x08004e6c   0x08004e6c   0x00000018   Code   RO         1526    i.HAL_RTC_MspInit   rtc.o
    0x08004e84   0x08004e84   0x0000003a   Code   RO         6006    i.HAL_RTC_WaitForSynchro  stm32f4xx_hal_rtc.o
    0x08004ebe   0x08004ebe   0x0000008c   Code   RO         6367    i.HAL_SPI_Init      stm32f4xx_hal_spi.o
    0x08004f4a   0x08004f4a   0x00000002   PAD
    0x08004f4c   0x08004f4c   0x000001cc   Code   RO         1478    i.HAL_SPI_MspInit   spi.o
    0x08005118   0x08005118   0x0000022a   Code   RO         6376    i.HAL_SPI_TransmitReceive  stm32f4xx_hal_spi.o
    0x08005342   0x08005342   0x00000034   Code   RO         8748    i.HAL_SYSTICK_Config  stm32f4xx_hal_cortex.o
    0x08005376   0x08005376   0x00000074   Code   RO         7369    i.HAL_TIMEx_ConfigBreakDeadTime  stm32f4xx_hal_tim_ex.o
    0x080053ea   0x080053ea   0x00000054   Code   RO         7384    i.HAL_TIMEx_MasterConfigSynchronization  stm32f4xx_hal_tim_ex.o
    0x0800543e   0x0800543e   0x00000034   Code   RO         6680    i.HAL_TIM_Base_Init  stm32f4xx_hal_tim.o
    0x08005472   0x08005472   0x00000002   PAD
    0x08005474   0x08005474   0x0000011c   Code   RO         1568    i.HAL_TIM_Base_MspInit  tim.o
    0x08005590   0x08005590   0x0000002a   Code   RO         6683    i.HAL_TIM_Base_Start  stm32f4xx_hal_tim.o
    0x080055ba   0x080055ba   0x00000108   Code   RO         6689    i.HAL_TIM_ConfigClockSource  stm32f4xx_hal_tim.o
    0x080056c2   0x080056c2   0x00000002   PAD
    0x080056c4   0x080056c4   0x0000027c   Code   RO         1569    i.HAL_TIM_MspPostInit  tim.o
    0x08005940   0x08005940   0x00000108   Code   RO         6747    i.HAL_TIM_PWM_ConfigChannel  stm32f4xx_hal_tim.o
    0x08005a48   0x08005a48   0x00000034   Code   RO         6750    i.HAL_TIM_PWM_Init  stm32f4xx_hal_tim.o
    0x08005a7c   0x08005a7c   0x00000002   Code   RO         6752    i.HAL_TIM_PWM_MspInit  stm32f4xx_hal_tim.o
    0x08005a7e   0x08005a7e   0x00000002   PAD
    0x08005a80   0x08005a80   0x00000058   Code   RO         6755    i.HAL_TIM_PWM_Start  stm32f4xx_hal_tim.o
    0x08005ad8   0x08005ad8   0x00000072   Code   RO         7642    i.HAL_UART_Init     stm32f4xx_hal_uart.o
    0x08005b4a   0x08005b4a   0x00000002   PAD
    0x08005b4c   0x08005b4c   0x0000034c   Code   RO         1652    i.HAL_UART_MspInit  usart.o
    0x08005e98   0x08005e98   0x000000de   Code   RO         7645    i.HAL_UART_Receive  stm32f4xx_hal_uart.o
    0x08005f76   0x08005f76   0x00000004   Code   RO          441    i.HardFault_Handler  stm32f4xx_it.o
    0x08005f7a   0x08005f7a   0x0000003e   Code   RO         5462    i.I2C_IsAcknowledgeFailed  stm32f4xx_hal_i2c.o
    0x08005fb8   0x08005fb8   0x00000138   Code   RO         5472    i.I2C_RequestMemoryRead  stm32f4xx_hal_i2c.o
    0x080060f0   0x080060f0   0x000000cc   Code   RO         5473    i.I2C_RequestMemoryWrite  stm32f4xx_hal_i2c.o
    0x080061bc   0x080061bc   0x0000005c   Code   RO         5481    i.I2C_WaitOnBTFFlagUntilTimeout  stm32f4xx_hal_i2c.o
    0x08006218   0x08006218   0x00000086   Code   RO         5482    i.I2C_WaitOnFlagUntilTimeout  stm32f4xx_hal_i2c.o
    0x0800629e   0x0800629e   0x000000c4   Code   RO         5483    i.I2C_WaitOnMasterAddressFlagUntilTimeout  stm32f4xx_hal_i2c.o
    0x08006362   0x08006362   0x00000080   Code   RO         5484    i.I2C_WaitOnRXNEFlagUntilTimeout  stm32f4xx_hal_i2c.o
    0x080063e2   0x080063e2   0x0000005c   Code   RO         5486    i.I2C_WaitOnTXEFlagUntilTimeout  stm32f4xx_hal_i2c.o
    0x0800643e   0x0800643e   0x00000002   PAD
    0x08006440   0x08006440   0x0000007c   Code   RO         1007    i.INS_cali_gyro     ins_task.o
    0x080064bc   0x080064bc   0x00000048   Code   RO         1008    i.INS_set_cali_gyro  ins_task.o
    0x08006504   0x08006504   0x00000344   Code   RO         1009    i.INS_task          ins_task.o
    0x08006848   0x08006848   0x00000070   Code   RO         1196    i.MX_ADC1_Init      adc.o
    0x080068b8   0x080068b8   0x00000070   Code   RO         1197    i.MX_ADC3_Init      adc.o
    0x08006928   0x08006928   0x00000048   Code   RO         1244    i.MX_CAN1_Init      can.o
    0x08006970   0x08006970   0x00000048   Code   RO         1245    i.MX_CAN2_Init      can.o
    0x080069b8   0x080069b8   0x00000020   Code   RO         1293    i.MX_CRC_Init       crc.o
    0x080069d8   0x080069d8   0x000000b8   Code   RO         1333    i.MX_DMA_Init       dma.o
    0x08006a90   0x08006a90   0x000000d0   Code   RO          328    i.MX_FREERTOS_Init  freertos.o
    0x08006b60   0x08006b60   0x00000248   Code   RO         1357    i.MX_GPIO_Init      gpio.o
    0x08006da8   0x08006da8   0x0000003c   Code   RO         1383    i.MX_I2C1_Init      i2c.o
    0x08006de4   0x08006de4   0x0000003c   Code   RO         1384    i.MX_I2C2_Init      i2c.o
    0x08006e20   0x08006e20   0x0000003c   Code   RO         1385    i.MX_I2C3_Init      i2c.o
    0x08006e5c   0x08006e5c   0x00000020   Code   RO         1437    i.MX_RNG_Init       rng.o
    0x08006e7c   0x08006e7c   0x00000034   Code   RO         1527    i.MX_RTC_Init       rtc.o
    0x08006eb0   0x08006eb0   0x00000048   Code   RO         1479    i.MX_SPI1_Init      spi.o
    0x08006ef8   0x08006ef8   0x00000048   Code   RO         1480    i.MX_SPI2_Init      spi.o
    0x08006f40   0x08006f40   0x0000006c   Code   RO         1571    i.MX_TIM10_Init     tim.o
    0x08006fac   0x08006fac   0x0000010c   Code   RO         1572    i.MX_TIM1_Init      tim.o
    0x080070b8   0x080070b8   0x000000a4   Code   RO         1573    i.MX_TIM3_Init      tim.o
    0x0800715c   0x0800715c   0x000000a4   Code   RO         1574    i.MX_TIM4_Init      tim.o
    0x08007200   0x08007200   0x000000c4   Code   RO         1575    i.MX_TIM5_Init      tim.o
    0x080072c4   0x080072c4   0x000000dc   Code   RO         1576    i.MX_TIM8_Init      tim.o
    0x080073a0   0x080073a0   0x00000038   Code   RO         1653    i.MX_USART1_UART_Init  usart.o
    0x080073d8   0x080073d8   0x0000003c   Code   RO         1654    i.MX_USART3_UART_Init  usart.o
    0x08007414   0x08007414   0x00000038   Code   RO         1655    i.MX_USART6_UART_Init  usart.o
    0x0800744c   0x0800744c   0x00000004   Code   RO          442    i.MemManage_Handler  stm32f4xx_it.o
    0x08007450   0x08007450   0x00000002   Code   RO          443    i.NMI_Handler       stm32f4xx_it.o
    0x08007452   0x08007452   0x00000002   PAD
    0x08007454   0x08007454   0x0000002c   Code   RO         3508    i.OLED_com_reset    oled.o
    0x08007480   0x08007480   0x00000250   Code   RO         2196    i.PID_All_Cal       engineer_behaviour.o
    0x080076d0   0x080076d0   0x00000120   Code   RO         2800    i.PID_calc          pid.o
    0x080077f0   0x080077f0   0x00000050   Code   RO         2801    i.PID_init          pid.o
    0x08007840   0x08007840   0x0000009c   Code   RO         4080    i.RC_Init           bsp_rc.o
    0x080078dc   0x080078dc   0x00000050   Code   RO         4081    i.RC_restart        bsp_rc.o
    0x0800792c   0x0800792c   0x00000018   Code   RO         4082    i.RC_unable         bsp_rc.o
    0x08007944   0x08007944   0x0000003e   Code   RO         6009    i.RTC_EnterInitMode  stm32f4xx_hal_rtc.o
    0x08007982   0x08007982   0x00000002   PAD
    0x08007984   0x08007984   0x0000273c   Code   RO         4192    i.SPI1_DMA_enable   bsp_spi.o
    0x0800a0c0   0x0800a0c0   0x00000180   Code   RO         4193    i.SPI1_DMA_init     bsp_spi.o
    0x0800a240   0x0800a240   0x0000006c   Code   RO         6405    i.SPI_EndRxTxTransaction  stm32f4xx_hal_spi.o
    0x0800a2ac   0x0800a2ac   0x000000a8   Code   RO         6410    i.SPI_WaitFlagStateUntilTimeout  stm32f4xx_hal_spi.o
    0x0800a354   0x0800a354   0x0000000c   Code   RO          444    i.SysTick_Handler   stm32f4xx_it.o
    0x0800a360   0x0800a360   0x000000d4   Code   RO           14    i.SystemClock_Config  main.o
    0x0800a434   0x0800a434   0x00000064   Code   RO         9128    i.SystemInit        system_stm32f4xx.o
    0x0800a498   0x0800a498   0x000000d8   Code   RO         6768    i.TIM_Base_SetConfig  stm32f4xx_hal_tim.o
    0x0800a570   0x0800a570   0x00000022   Code   RO         6769    i.TIM_CCxChannelCmd  stm32f4xx_hal_tim.o
    0x0800a592   0x0800a592   0x00000016   Code   RO         6779    i.TIM_ETR_SetConfig  stm32f4xx_hal_tim.o
    0x0800a5a8   0x0800a5a8   0x00000012   Code   RO         6780    i.TIM_ITRx_SetConfig  stm32f4xx_hal_tim.o
    0x0800a5ba   0x0800a5ba   0x00000002   PAD
    0x0800a5bc   0x0800a5bc   0x00000070   Code   RO         6781    i.TIM_OC1_SetConfig  stm32f4xx_hal_tim.o
    0x0800a62c   0x0800a62c   0x0000007c   Code   RO         6782    i.TIM_OC2_SetConfig  stm32f4xx_hal_tim.o
    0x0800a6a8   0x0800a6a8   0x00000078   Code   RO         6783    i.TIM_OC3_SetConfig  stm32f4xx_hal_tim.o
    0x0800a720   0x0800a720   0x00000054   Code   RO         6784    i.TIM_OC4_SetConfig  stm32f4xx_hal_tim.o
    0x0800a774   0x0800a774   0x00000026   Code   RO         6786    i.TIM_TI1_ConfigInputStage  stm32f4xx_hal_tim.o
    0x0800a79a   0x0800a79a   0x00000028   Code   RO         6788    i.TIM_TI2_ConfigInputStage  stm32f4xx_hal_tim.o
    0x0800a7c2   0x0800a7c2   0x00000052   Code   RO         2127    i.UART_DATA_RECIVE  board_talk.o
    0x0800a814   0x0800a814   0x00000368   Code   RO         7669    i.UART_SetConfig    stm32f4xx_hal_uart.o
    0x0800ab7c   0x0800ab7c   0x0000006c   Code   RO         7671    i.UART_WaitOnFlagUntilTimeout  stm32f4xx_hal_uart.o
    0x0800abe8   0x0800abe8   0x00000124   Code   RO         2128    i.USART1_IRQHandler  board_talk.o
    0x0800ad0c   0x0800ad0c   0x00000140   Code   RO         1814    i.USART3_IRQHandler  remote_control.o
    0x0800ae4c   0x0800ae4c   0x00000128   Code   RO          895    i.USART6_IRQHandler  referee_usart_task.o
    0x0800af74   0x0800af74   0x00000004   Code   RO          445    i.UsageFault_Handler  stm32f4xx_it.o
    0x0800af78   0x0800af78   0x00000026   Code   RO        11269    i.__ARM_fpclassifyf  m_wm.l(fpclassifyf.o)
    0x0800af9e   0x0800af9e   0x00000002   PAD
    0x0800afa0   0x0800afa0   0x00000010   Code   RO         8750    i.__NVIC_GetPriorityGrouping  stm32f4xx_hal_cortex.o
    0x0800afb0   0x0800afb0   0x00000028   Code   RO         8751    i.__NVIC_SetPriority  stm32f4xx_hal_cortex.o
    0x0800afd8   0x0800afd8   0x00000006   Code   RO         2894    i.__get_PRIMASK     fifo.o
    0x0800afde   0x0800afde   0x00000002   PAD
    0x0800afe0   0x0800afe0   0x0000012c   Code   RO        11026    i.__hardfp_asinf    m_wm.l(asinf.o)
    0x0800b10c   0x0800b10c   0x000002ac   Code   RO        11038    i.__hardfp_atan2f   m_wm.l(atan2f.o)
    0x0800b3b8   0x0800b3b8   0x00000014   Code   RO        11050    i.__hardfp_fabs     m_wm.l(fabs.o)
    0x0800b3cc   0x0800b3cc   0x00000006   Code   RO        11272    i.__mathlib_flt_infnan  m_wm.l(funder.o)
    0x0800b3d2   0x0800b3d2   0x00000006   Code   RO        11273    i.__mathlib_flt_infnan2  m_wm.l(funder.o)
    0x0800b3d8   0x0800b3d8   0x00000010   Code   RO        11274    i.__mathlib_flt_invalid  m_wm.l(funder.o)
    0x0800b3e8   0x0800b3e8   0x00000010   Code   RO        11277    i.__mathlib_flt_underflow  m_wm.l(funder.o)
    0x0800b3f8   0x0800b3f8   0x00000006   Code   RO         2895    i.__set_PRIMASK     fifo.o
    0x0800b3fe   0x0800b3fe   0x00000002   PAD
    0x0800b400   0x0800b400   0x000001d0   Code   RO        10653    i.accel_comple_filter  AHRS.lib(ahrs.o)
    0x0800b5d0   0x0800b5d0   0x0000018c   Code   RO        10654    i.accel_update_kp_ki  AHRS.lib(ahrs.o)
    0x0800b75c   0x0800b75c   0x00000054   Code   RO         2197    i.act_AG_BigResourceIsland_Center  engineer_behaviour.o
    0x0800b7b0   0x0800b7b0   0x00000030   Code   RO         2198    i.act_AG_BigResourceIsland_Cylinder_On  engineer_behaviour.o
    0x0800b7e0   0x0800b7e0   0x000000d0   Code   RO         2199    i.act_AG_BigResourceIsland_Init  engineer_behaviour.o
    0x0800b8b0   0x0800b8b0   0x00000054   Code   RO         2200    i.act_AG_BigResourceIsland_OverTurn  engineer_behaviour.o
    0x0800b904   0x0800b904   0x00000054   Code   RO         2201    i.act_AG_BigResourceIsland_ProTract  engineer_behaviour.o
    0x0800b958   0x0800b958   0x00000078   Code   RO         2202    i.act_AG_BigResourceIsland_Rising  engineer_behaviour.o
    0x0800b9d0   0x0800b9d0   0x00000034   Code   RO         2203    i.act_AG_Formatting  engineer_behaviour.o
    0x0800ba04   0x0800ba04   0x00000060   Code   RO         2204    i.act_BTM_BigResourceIsland_ArmReturn  engineer_behaviour.o
    0x0800ba64   0x0800ba64   0x00000050   Code   RO         2205    i.act_BTM_BigResourceIsland_Retract  engineer_behaviour.o
    0x0800bab4   0x0800bab4   0x0000006c   Code   RO         2206    i.act_BTM_BigResourceIsland_Rising  engineer_behaviour.o
    0x0800bb20   0x0800bb20   0x00000038   Code   RO         2207    i.act_BTM_BigResourceIsland_Servo_Center  engineer_behaviour.o
    0x0800bb58   0x0800bb58   0x00000050   Code   RO         2208    i.act_BTM_BigResourceIsland_Storage_Down  engineer_behaviour.o
    0x0800bba8   0x0800bba8   0x00000034   Code   RO         2209    i.act_BTM_Formatting  engineer_behaviour.o
    0x0800bbdc   0x0800bbdc   0x00000002   Code   RO         2210    i.act_Formatting    engineer_behaviour.o
    0x0800bbde   0x0800bbde   0x0000016c   Code   RO        10655    i.angle_to_quat     AHRS.lib(ahrs.o)
    0x0800bd4a   0x0800bd4a   0x00000002   PAD
    0x0800bd4c   0x0800bd4c   0x00000030   Code   RO         2836    i.append_CRC16_check_sum  crc8_crc16.o
    0x0800bd7c   0x0800bd7c   0x00000024   Code   RO         2837    i.append_CRC8_check_sum  crc8_crc16.o
    0x0800bda0   0x0800bda0   0x00000134   Code   RO         3196    i.bmi088_accel_init  bmi088driver.o
    0x0800bed4   0x0800bed4   0x000002fc   Code   RO         3197    i.bmi088_accel_self_test  bmi088driver.o
    0x0800c1d0   0x0800c1d0   0x000000f4   Code   RO         3198    i.bmi088_gyro_init  bmi088driver.o
    0x0800c2c4   0x0800c2c4   0x000000d0   Code   RO         3199    i.bmi088_gyro_self_test  bmi088driver.o
    0x0800c394   0x0800c394   0x00000048   Code   RO         2130    i.board_talk_data_trans_uint_to_flo  board_talk.o
    0x0800c3dc   0x0800c3dc   0x0000004c   Code   RO         3932    i.bsp_I2C_reset     bsp_i2c.o
    0x0800c428   0x0800c428   0x00000010   Code   RO         3696    i.buzzer_off        bsp_buzzer.o
    0x0800c438   0x0800c438   0x00000014   Code   RO         3697    i.buzzer_on         bsp_buzzer.o
    0x0800c44c   0x0800c44c   0x00000070   Code   RO         1010    i.cali_gyro_hook    ins_task.o
    0x0800c4bc   0x0800c4bc   0x0000005c   Code   RO         3727    i.can_filter_init   bsp_can.o
    0x0800c518   0x0800c518   0x00000028   Code   RO         1884    i.chassis_behaviour_control_set  chassis_behaviour.o
    0x0800c540   0x0800c540   0x000001cc   Code   RO          548    i.chassis_control_loop  chassis_task.o
    0x0800c70c   0x0800c70c   0x000000f4   Code   RO          549    i.chassis_feedback_update  chassis_task.o
    0x0800c800   0x0800c800   0x00000114   Code   RO          550    i.chassis_init      chassis_task.o
    0x0800c914   0x0800c914   0x00000028   Code   RO         1887    i.chassis_keyboard_behaviour_control_set  chassis_behaviour.o
    0x0800c93c   0x0800c93c   0x0000009c   Code   RO         1888    i.chassis_keyboard_control_normal  chassis_behaviour.o
    0x0800c9d8   0x0800c9d8   0x00000184   Code   RO         1892    i.chassis_remote_control_normal  chassis_behaviour.o
    0x0800cb5c   0x0800cb5c   0x000001c0   Code   RO          552    i.chassis_set_contorl  chassis_task.o
    0x0800cd1c   0x0800cd1c   0x00000054   Code   RO          553    i.chassis_set_mode  chassis_task.o
    0x0800cd70   0x0800cd70   0x00000064   Code   RO          554    i.chassis_task      chassis_task.o
    0x0800cdd4   0x0800cdd4   0x00000050   Code   RO          555    i.chassis_vector_to_mecanum_wheel_speed  chassis_task.o
    0x0800ce24   0x0800ce24   0x00000032   Code   RO         2317    i.clear_all_layer   custom_ui_draw.o
    0x0800ce56   0x0800ce56   0x00000002   PAD
    0x0800ce58   0x0800ce58   0x0000009c   Code   RO         4083    i.cmd_board_uart_init  bsp_rc.o
    0x0800cef4   0x0800cef4   0x00000030   Code   RO         3793    i.delay_init        bsp_delay.o
    0x0800cf24   0x0800cf24   0x00000050   Code   RO         3795    i.delay_us          bsp_delay.o
    0x0800cf74   0x0800cf74   0x00000124   Code   RO          962    i.detect_hook       detect_task.o
    0x0800d098   0x0800d098   0x00000184   Code   RO          963    i.detect_init       detect_task.o
    0x0800d21c   0x0800d21c   0x00000288   Code   RO          964    i.detect_task       detect_task.o
    0x0800d4a4   0x0800d4a4   0x0000012c   Code   RO         2319    i.draw_assistant_air  custom_ui_draw.o
    0x0800d5d0   0x0800d5d0   0x000000cc   Code   RO         2322    i.draw_card_data    custom_ui_draw.o
    0x0800d69c   0x0800d69c   0x00000134   Code   RO         2323    i.draw_card_position  custom_ui_draw.o
    0x0800d7d0   0x0800d7d0   0x000001b0   Code   RO         2324    i.draw_catch_aim_assistant  custom_ui_draw.o
    0x0800d980   0x0800d980   0x000000cc   Code   RO         2325    i.draw_claw_data    custom_ui_draw.o
    0x0800da4c   0x0800da4c   0x00000134   Code   RO         2326    i.draw_claw_position  custom_ui_draw.o
    0x0800db80   0x0800db80   0x000001cc   Code   RO         2327    i.draw_current_mode  custom_ui_draw.o
    0x0800dd4c   0x0800dd4c   0x00000128   Code   RO         2329    i.draw_dragon_air   custom_ui_draw.o
    0x0800de74   0x0800de74   0x000000fc   Code   RO         2330    i.draw_get_robot_id  custom_ui_draw.o
    0x0800df70   0x0800df70   0x00000130   Code   RO         2331    i.draw_ground_pump  custom_ui_draw.o
    0x0800e0a0   0x0800e0a0   0x000000e6   Code   RO         2332    i.draw_init_all     custom_ui_draw.o
    0x0800e186   0x0800e186   0x00000002   PAD
    0x0800e188   0x0800e188   0x00000130   Code   RO         2333    i.draw_ore_pump     custom_ui_draw.o
    0x0800e2b8   0x0800e2b8   0x00000470   Code   RO         2335    i.draw_state_circle  custom_ui_draw.o
    0x0800e728   0x0800e728   0x000001cc   Code   RO         2336    i.draw_two_border   custom_ui_draw.o
    0x0800e8f4   0x0800e8f4   0x0000012c   Code   RO         2337    i.draw_up_air       custom_ui_draw.o
    0x0800ea20   0x0800ea20   0x00000394   Code   RO         2211    i.engineer_gimbal_behaviour_keyboard_control  engineer_behaviour.o
    0x0800edb4   0x0800edb4   0x00000018   Code   RO        11052    i.fabs              m_wm.l(fabs.o)
    0x0800edcc   0x0800edcc   0x0000003a   Code   RO         2913    i.fifo_s_get        fifo.o
    0x0800ee06   0x0800ee06   0x00000016   Code   RO         2916    i.fifo_s_init       fifo.o
    0x0800ee1c   0x0800ee1c   0x000000a0   Code   RO         2922    i.fifo_s_puts       fifo.o
    0x0800eebc   0x0800eebc   0x00000006   Code   RO         2924    i.fifo_s_used       fifo.o
    0x0800eec2   0x0800eec2   0x0000002e   Code   RO         3831    i.flash_erase_address  bsp_flash.o
    0x0800eef0   0x0800eef0   0x00000014   Code   RO         3832    i.flash_read        bsp_flash.o
    0x0800ef04   0x0800ef04   0x00000098   Code   RO         3834    i.flash_write_single_address  bsp_flash.o
    0x0800ef9c   0x0800ef9c   0x0000002a   Code   RO         2647    i.float_constrain   user_lib.o
    0x0800efc6   0x0800efc6   0x00000002   PAD
    0x0800efc8   0x0800efc8   0x0000002c   Code   RO         2212    i.fsm_init          engineer_behaviour.o
    0x0800eff4   0x0800eff4   0x0000005c   Code   RO         2213    i.fsm_run           engineer_behaviour.o
    0x0800f050   0x0800f050   0x000000f4   Code   RO         3835    i.ger_sector        bsp_flash.o
    0x0800f144   0x0800f144   0x00000034   Code   RO         2838    i.get_CRC16_check_sum  crc8_crc16.o
    0x0800f178   0x0800f178   0x00000024   Code   RO         2839    i.get_CRC8_check_sum  crc8_crc16.o
    0x0800f19c   0x0800f19c   0x00000008   Code   RO         1011    i.get_INS_angle_point  ins_task.o
    0x0800f1a4   0x0800f1a4   0x0000005c   Code   RO         1012    i.get_INS_data      ins_task.o
    0x0800f200   0x0800f200   0x000000e8   Code   RO        10656    i.get_angle         AHRS.lib(ahrs.o)
    0x0800f2e8   0x0800f2e8   0x00000018   Code   RO         1715    i.get_chassis_motor_measure_point  can_receive.o
    0x0800f300   0x0800f300   0x00000024   Code   RO         1716    i.get_gimbal_motor_measure_point  can_receive.o
    0x0800f324   0x0800f324   0x00000098   Code   RO         1717    i.get_gimbal_motor_measure_value  can_receive.o
    0x0800f3bc   0x0800f3bc   0x00000008   Code   RO         1015    i.get_gyro_data_point  ins_task.o
    0x0800f3c4   0x0800f3c4   0x00000094   Code   RO         1016    i.get_key           ins_task.o
    0x0800f458   0x0800f458   0x000000e8   Code   RO         3836    i.get_next_flash_address  bsp_flash.o
    0x0800f540   0x0800f540   0x00000008   Code   RO         1815    i.get_remote_control_point  remote_control.o
    0x0800f548   0x0800f548   0x000000d2   Code   RO          777    i.gimbal_3508_angle_control_loop  gimbal_task.o
    0x0800f61a   0x0800f61a   0x00000002   PAD
    0x0800f61c   0x0800f61c   0x00000124   Code   RO          778    i.gimbal_3508_control_loop  gimbal_task.o
    0x0800f740   0x0800f740   0x0000008c   Code   RO          779    i.gimbal_6020_angle_control_loop  gimbal_task.o
    0x0800f7cc   0x0800f7cc   0x0000004c   Code   RO          780    i.gimbal_duoji      gimbal_task.o
    0x0800f818   0x0800f818   0x00000078   Code   RO          782    i.gimbal_feedback_update  gimbal_task.o
    0x0800f890   0x0800f890   0x00000330   Code   RO          784    i.gimbal_init       gimbal_task.o
    0x0800fbc0   0x0800fbc0   0x000000ac   Code   RO          785    i.gimbal_jiaodubihuan_mechanical_arm  gimbal_task.o
    0x0800fc6c   0x0800fc6c   0x00000058   Code   RO          786    i.gimbal_jiaoduhuan  gimbal_task.o
    0x0800fcc4   0x0800fcc4   0x0000007c   Code   RO          787    i.gimbal_keep       gimbal_task.o
    0x0800fd40   0x0800fd40   0x0000002c   Code   RO          788    i.gimbal_keep_function  gimbal_task.o
    0x0800fd6c   0x0800fd6c   0x00000050   Code   RO          556    i.gimbal_sensor_data_update  chassis_task.o
    0x0800fdbc   0x0800fdbc   0x0000013c   Code   RO          789    i.gimbal_set_mode   gimbal_task.o
    0x0800fef8   0x0800fef8   0x00000070   Code   RO          791    i.gimbal_tai        gimbal_task.o
    0x0800ff68   0x0800ff68   0x0000006c   Code   RO          792    i.gimbal_task       gimbal_task.o
    0x0800ffd4   0x0800ffd4   0x00000050   Code   RO         1018    i.gyro_cali_data_read  ins_task.o
    0x08010024   0x08010024   0x00000040   Code   RO         1019    i.gyro_cali_data_write  ins_task.o
    0x08010064   0x08010064   0x00000054   Code   RO         1020    i.gyro_offset_calc  ins_task.o
    0x080100b8   0x080100b8   0x0000012c   Code   RO         1021    i.imu_cali_slove    ins_task.o
    0x080101e4   0x080101e4   0x000001a8   Code   RO         1022    i.imu_cmd_spi_dma   ins_task.o
    0x0801038c   0x0801038c   0x0000000c   Code   RO         3992    i.imu_pwm_set       bsp_imu_pwm.o
    0x08010398   0x08010398   0x000000a4   Code   RO         1023    i.imu_temp_control  ins_task.o
    0x0801043c   0x0801043c   0x000000c4   Code   RO         2072    i.init_referee_struct_data  referee.o
    0x08010500   0x08010500   0x00000002   Code   RO         3424    i.ist8310_GPIO_init  ist8310driver_middleware.o
    0x08010502   0x08010502   0x00000002   PAD
    0x08010504   0x08010504   0x00000028   Code   RO         3426    i.ist8310_IIC_read_single_reg  ist8310driver_middleware.o
    0x0801052c   0x0801052c   0x00000028   Code   RO         3428    i.ist8310_IIC_write_single_reg  ist8310driver_middleware.o
    0x08010554   0x08010554   0x00000014   Code   RO         3429    i.ist8310_RST_H     ist8310driver_middleware.o
    0x08010568   0x08010568   0x00000014   Code   RO         3430    i.ist8310_RST_L     ist8310driver_middleware.o
    0x0801057c   0x0801057c   0x00000002   Code   RO         3431    i.ist8310_com_init  ist8310driver_middleware.o
    0x0801057e   0x0801057e   0x0000000c   Code   RO         3432    i.ist8310_delay_ms  ist8310driver_middleware.o
    0x0801058a   0x0801058a   0x00000002   PAD
    0x0801058c   0x0801058c   0x00000094   Code   RO         3392    i.ist8310_init      ist8310driver.o
    0x08010620   0x08010620   0x00000100   Code   RO           15    i.main              main.o
    0x08010720   0x08010720   0x0000000e   Code   RO        10145    i.makeFreeRtosPriority  cmsis_os.o
    0x0801072e   0x0801072e   0x00000002   PAD
    0x08010730   0x08010730   0x00000014   Code   RO         2131    i.nvidia_board_uart_init  board_talk.o
    0x08010744   0x08010744   0x00000018   Code   RO        10147    i.osDelay           cmsis_os.o
    0x0801075c   0x0801075c   0x0000000a   Code   RO        10150    i.osKernelStart     cmsis_os.o
    0x08010766   0x08010766   0x00000010   Code   RO        10183    i.osSystickHandler  cmsis_os.o
    0x08010776   0x08010776   0x0000005e   Code   RO        10184    i.osThreadCreate    cmsis_os.o
    0x080107d4   0x080107d4   0x00000030   Code   RO         9642    i.pcTaskGetName     tasks.o
    0x08010804   0x08010804   0x000000a4   Code   RO         9643    i.prvAddCurrentTaskToDelayedList  tasks.o
    0x080108a8   0x080108a8   0x000000b4   Code   RO         9644    i.prvAddNewTaskToReadyList  tasks.o
    0x0801095c   0x0801095c   0x00000074   Code   RO         9992    i.prvCheckForValidListAndQueue  timers.o
    0x080109d0   0x080109d0   0x00000048   Code   RO         9645    i.prvCheckTasksWaitingTermination  tasks.o
    0x08010a18   0x08010a18   0x0000002a   Code   RO         9305    i.prvCopyDataFromQueue  queue.o
    0x08010a42   0x08010a42   0x0000007c   Code   RO         9306    i.prvCopyDataToQueue  queue.o
    0x08010abe   0x08010abe   0x00000050   Code   RO         9646    i.prvDeleteTCB      tasks.o
    0x08010b0e   0x08010b0e   0x00000002   PAD
    0x08010b10   0x08010b10   0x00000028   Code   RO         9993    i.prvGetNextExpireTime  timers.o
    0x08010b38   0x08010b38   0x0000007c   Code   RO        10524    i.prvHeapInit       heap_4.o
    0x08010bb4   0x08010bb4   0x00000028   Code   RO         9647    i.prvIdleTask       tasks.o
    0x08010bdc   0x08010bdc   0x00000026   Code   RO         9309    i.prvInitialiseNewQueue  queue.o
    0x08010c02   0x08010c02   0x000000b8   Code   RO         9648    i.prvInitialiseNewTask  tasks.o
    0x08010cba   0x08010cba   0x00000002   PAD
    0x08010cbc   0x08010cbc   0x00000068   Code   RO         9649    i.prvInitialiseTaskLists  tasks.o
    0x08010d24   0x08010d24   0x00000068   Code   RO        10525    i.prvInsertBlockIntoFreeList  heap_4.o
    0x08010d8c   0x08010d8c   0x00000058   Code   RO         9995    i.prvInsertTimerInActiveList  timers.o
    0x08010de4   0x08010de4   0x0000001a   Code   RO         9310    i.prvIsQueueEmpty   queue.o
    0x08010dfe   0x08010dfe   0x0000001e   Code   RO         9311    i.prvIsQueueFull    queue.o
    0x08010e1c   0x08010e1c   0x00000064   Code   RO         9996    i.prvProcessExpiredTimer  timers.o
    0x08010e80   0x08010e80   0x00000128   Code   RO         9997    i.prvProcessReceivedCommands  timers.o
    0x08010fa8   0x08010fa8   0x00000074   Code   RO         9998    i.prvProcessTimerOrBlockTask  timers.o
    0x0801101c   0x0801101c   0x00000034   Code   RO         9650    i.prvResetNextTaskUnblockTime  tasks.o
    0x08011050   0x08011050   0x0000002c   Code   RO         9999    i.prvSampleTimeNow  timers.o
    0x0801107c   0x0801107c   0x0000009e   Code   RO         9651    i.prvSearchForNameWithinSingleList  tasks.o
    0x0801111a   0x0801111a   0x00000002   PAD
    0x0801111c   0x0801111c   0x000000a0   Code   RO        10000    i.prvSwitchTimerLists  timers.o
    0x080111bc   0x080111bc   0x00000016   Code   RO         9652    i.prvTaskCheckFreeStackSpace  tasks.o
    0x080111d2   0x080111d2   0x00000002   PAD
    0x080111d4   0x080111d4   0x00000040   Code   RO        10574    i.prvTaskExitError  port.o
    0x08011214   0x08011214   0x0000001a   Code   RO        10001    i.prvTimerTask      timers.o
    0x0801122e   0x0801122e   0x0000007e   Code   RO         9312    i.prvUnlockQueue    queue.o
    0x080112ac   0x080112ac   0x0000013c   Code   RO        10526    i.pvPortMalloc      heap_4.o
    0x080113e8   0x080113e8   0x0000002c   Code   RO        10575    i.pxPortInitialiseStack  port.o
    0x08011414   0x08011414   0x00000084   Code   RO        10661    i.quat_normalization  AHRS.lib(ahrs.o)
    0x08011498   0x08011498   0x0000007c   Code   RO         2338    i.referee_data_pack_handle  custom_ui_draw.o
    0x08011514   0x08011514   0x0000019c   Code   RO         2073    i.referee_data_solve  referee.o
    0x080116b0   0x080116b0   0x0000014c   Code   RO          896    i.referee_unpack_fifo_data  referee_usart_task.o
    0x080117fc   0x080117fc   0x00000100   Code   RO          897    i.referee_usart_task  referee_usart_task.o
    0x080118fc   0x080118fc   0x00000014   Code   RO         1816    i.remote_control_init  remote_control.o
    0x08011910   0x08011910   0x000000da   Code   RO         1817    i.sbus_to_rc        remote_control.o
    0x080119ea   0x080119ea   0x00000002   PAD
    0x080119ec   0x080119ec   0x00000058   Code   RO         1818    i.sbus_to_usart1    remote_control.o
    0x08011a44   0x08011a44   0x0000000a   Code   RO          950    i.servo_task        servo_task.o
    0x08011a4e   0x08011a4e   0x00000002   PAD
    0x08011a50   0x08011a50   0x0000009c   Code   RO         4084    i.slave_talk_Init   bsp_rc.o
    0x08011aec   0x08011aec   0x00000014   Code   RO         2132    i.slave_uart_trigger_init  board_talk.o
    0x08011b00   0x08011b00   0x0000003e   Code   RO        11290    i.sqrtf             m_wm.l(sqrtf_full.o)
    0x08011b3e   0x08011b3e   0x0000000c   Code   RO          329    i.test_task         freertos.o
    0x08011b4a   0x08011b4a   0x00000002   PAD
    0x08011b4c   0x08011b4c   0x00000018   Code   RO          966    i.toe_is_error      detect_task.o
    0x08011b64   0x08011b64   0x00000074   Code   RO         9655    i.ulTaskNotifyTake  tasks.o
    0x08011bd8   0x08011bd8   0x0000007a   Code   RO        10662    i.update_w          AHRS.lib(ahrs.o)
    0x08011c52   0x08011c52   0x00000002   PAD
    0x08011c54   0x08011c54   0x000000a8   Code   RO         4223    i.usart1_tx_dma_enable  bsp_usart.o
    0x08011cfc   0x08011cfc   0x00000074   Code   RO         4224    i.usart1_tx_dma_init  bsp_usart.o
    0x08011d70   0x08011d70   0x00000138   Code   RO         4225    i.usart6_init       bsp_usart.o
    0x08011ea8   0x08011ea8   0x000000a8   Code   RO         4226    i.usart6_tx_dma_enable  bsp_usart.o
    0x08011f50   0x08011f50   0x00000028   Code   RO         9265    i.uxListRemove      list.o
    0x08011f78   0x08011f78   0x00000028   Code   RO         9657    i.uxTaskGetStackHighWaterMark  tasks.o
    0x08011fa0   0x08011fa0   0x00000018   Code   RO          330    i.vApplicationGetIdleTaskMemory  freertos.o
    0x08011fb8   0x08011fb8   0x00000018   Code   RO          331    i.vApplicationGetTimerTaskMemory  freertos.o
    0x08011fd0   0x08011fd0   0x0000001a   Code   RO         9266    i.vListInitialise   list.o
    0x08011fea   0x08011fea   0x00000006   Code   RO         9267    i.vListInitialiseItem  list.o
    0x08011ff0   0x08011ff0   0x00000034   Code   RO         9268    i.vListInsert       list.o
    0x08012024   0x08012024   0x00000018   Code   RO         9269    i.vListInsertEnd    list.o
    0x0801203c   0x0801203c   0x00000054   Code   RO        10577    i.vPortEnterCritical  port.o
    0x08012090   0x08012090   0x0000003c   Code   RO        10578    i.vPortExitCritical  port.o
    0x080120cc   0x080120cc   0x00000094   Code   RO        10527    i.vPortFree         heap_4.o
    0x08012160   0x08012160   0x00000028   Code   RO        10579    i.vPortSetupTimerInterrupt  port.o
    0x08012188   0x08012188   0x00000078   Code   RO        10580    i.vPortValidateInterruptPriority  port.o
    0x08012200   0x08012200   0x0000002c   Code   RO         9316    i.vQueueAddToRegistry  queue.o
    0x0801222c   0x0801222c   0x0000004a   Code   RO         9319    i.vQueueWaitForMessageRestricted  queue.o
    0x08012276   0x08012276   0x00000002   PAD
    0x08012278   0x08012278   0x0000005c   Code   RO         9661    i.vTaskDelay        tasks.o
    0x080122d4   0x080122d4   0x00000018   Code   RO         9665    i.vTaskInternalSetTimeOutState  tasks.o
    0x080122ec   0x080122ec   0x0000000c   Code   RO         9666    i.vTaskMissedYield  tasks.o
    0x080122f8   0x080122f8   0x000000f0   Code   RO         9667    i.vTaskNotifyGiveFromISR  tasks.o
    0x080123e8   0x080123e8   0x00000038   Code   RO         9668    i.vTaskPlaceOnEventList  tasks.o
    0x08012420   0x08012420   0x00000040   Code   RO         9669    i.vTaskPlaceOnEventListRestricted  tasks.o
    0x08012460   0x08012460   0x000000b8   Code   RO         9676    i.vTaskStartScheduler  tasks.o
    0x08012518   0x08012518   0x00000010   Code   RO         9678    i.vTaskSuspendAll   tasks.o
    0x08012528   0x08012528   0x0000008c   Code   RO         9679    i.vTaskSwitchContext  tasks.o
    0x080125b4   0x080125b4   0x00000040   Code   RO         2840    i.verify_CRC16_check_sum  crc8_crc16.o
    0x080125f4   0x080125f4   0x0000002e   Code   RO         2841    i.verify_CRC8_check_sum  crc8_crc16.o
    0x08012622   0x08012622   0x00000002   PAD
    0x08012624   0x08012624   0x00000168   Code   RO        10581    i.xPortStartScheduler  port.o
    0x0801278c   0x0801278c   0x00000034   Code   RO        10582    i.xPortSysTickHandler  port.o
    0x080127c0   0x080127c0   0x000000de   Code   RO         9323    i.xQueueGenericCreateStatic  queue.o
    0x0801289e   0x0801289e   0x00000002   PAD
    0x080128a0   0x080128a0   0x00000098   Code   RO         9324    i.xQueueGenericReset  queue.o
    0x08012938   0x08012938   0x000001a8   Code   RO         9325    i.xQueueGenericSend  queue.o
    0x08012ae0   0x08012ae0   0x000000f8   Code   RO         9326    i.xQueueGenericSendFromISR  queue.o
    0x08012bd8   0x08012bd8   0x00000168   Code   RO         9334    i.xQueueReceive     queue.o
    0x08012d40   0x08012d40   0x000000a8   Code   RO         9681    i.xTaskCheckForTimeOut  tasks.o
    0x08012de8   0x08012de8   0x00000064   Code   RO         9682    i.xTaskCreate       tasks.o
    0x08012e4c   0x08012e4c   0x000000b8   Code   RO         9683    i.xTaskCreateStatic  tasks.o
    0x08012f04   0x08012f04   0x000000a4   Code   RO         9687    i.xTaskGetHandle    tasks.o
    0x08012fa8   0x08012fa8   0x00000020   Code   RO         9688    i.xTaskGetSchedulerState  tasks.o
    0x08012fc8   0x08012fc8   0x0000000c   Code   RO         9689    i.xTaskGetTickCount  tasks.o
    0x08012fd4   0x08012fd4   0x00000148   Code   RO         9691    i.xTaskIncrementTick  tasks.o
    0x0801311c   0x0801311c   0x000000c8   Code   RO         9694    i.xTaskPriorityDisinherit  tasks.o
    0x080131e4   0x080131e4   0x00000098   Code   RO         9696    i.xTaskRemoveFromEventList  tasks.o
    0x0801327c   0x0801327c   0x00000104   Code   RO         9697    i.xTaskResumeAll    tasks.o
    0x08013380   0x08013380   0x00000078   Code   RO        10006    i.xTimerCreateTimerTask  timers.o
    0x080133f8   0x080133f8   0x00000084   Code   RO        10007    i.xTimerGenericCommand  timers.o
    0x0801347c   0x0801347c   0x000002c4   Code   RO        10982    x$fpl$d2f           g_wm.l(d2f_clz.o)
    0x08013740   0x08013740   0x00000018   Code   RO        11240    x$fpl$dcmpinf       g_wm.l(dcmpi.o)
    0x08013758   0x08013758   0x0000002e   Code   RO        10995    x$fpl$dflt          g_wm.l(dflt_clz.o)
    0x08013786   0x08013786   0x0000001a   Code   RO        10996    x$fpl$dfltn         g_wm.l(dflt_clz.o)
    0x080137a0   0x080137a0   0x00000078   Code   RO        11000    x$fpl$dleqf         g_wm.l(dleqf.o)
    0x08013818   0x08013818   0x000001c0   Code   RO        11002    x$fpl$dmul          g_wm.l(dmul_clz.o)
    0x080139d8   0x080139d8   0x00000102   Code   RO        11242    x$fpl$dnaninf       g_wm.l(dnaninf.o)
    0x08013ada   0x08013ada   0x00000070   Code   RO        11244    x$fpl$drenorm       g_wm.l(drenorm_clz.o)
    0x08013b4a   0x08013b4a   0x0000000c   Code   RO        11246    x$fpl$dretinf       g_wm.l(dretinf.o)
    0x08013b56   0x08013b56   0x00000062   Code   RO        11004    x$fpl$drleqf        g_wm.l(drleqf.o)
    0x08013bb8   0x08013bb8   0x0000017a   Code   RO        11248    x$fpl$dunder        g_wm.l(dunder_clz.o)
    0x08013d32   0x08013d32   0x00000002   PAD
    0x08013d34   0x08013d34   0x000001ec   Code   RO        11250    x$fpl$exception     g_wm.l(except.o)
    0x08013f20   0x08013f20   0x0000007a   Code   RO        11006    x$fpl$f2d           g_wm.l(f2d.o)
    0x08013f9a   0x08013f9a   0x0000009e   Code   RO        11012    x$fpl$ffltll        g_wm.l(ffltll_clz.o)
    0x08014038   0x08014038   0x000000f2   Code   RO        11252    x$fpl$fnaninf       g_wm.l(fnaninf.o)
    0x0801412a   0x0801412a   0x0000000a   Code   RO        11364    x$fpl$fpinit        g_wm.l(fpinit.o)
    0x08014134   0x08014134   0x0000000a   Code   RO        11254    x$fpl$fretinf       g_wm.l(fretinf.o)
    0x0801413e   0x0801413e   0x0000013c   Code   RO        11256    x$fpl$funder        g_wm.l(funder_clz.o)
    0x0801427a   0x0801427a   0x00000002   PAD
    0x0801427c   0x0801427c   0x000000b4   Code   RO        11008    x$fpl$llsfromf      g_wm.l(ffixll.o)
    0x08014330   0x08014330   0x000000b2   Code   RO        11366    x$fpl$retnan        g_wm.l(retnan.o)
    0x080143e2   0x080143e2   0x0000007e   Code   RO        11266    x$fpl$trapveneer    g_wm.l(trapv.o)
    0x08014460   0x08014460   0x00000000   Code   RO        11268    x$fpl$usenofp       g_wm.l(usenofp.o)
    0x08014460   0x08014460   0x000000c4   Data   RO          333    .constdata          freertos.o
    0x08014524   0x08014524   0x00000054   Data   RO          968    .constdata          detect_task.o
    0x08014578   0x08014578   0x0000000c   Data   RO         1026    .constdata          ins_task.o
    0x08014584   0x08014584   0x00000302   Data   RO         2842    .constdata          crc8_crc16.o
    0x08014886   0x08014886   0x00000012   Data   RO         3204    .constdata          bmi088driver.o
    0x08014898   0x08014898   0x0000000c   Data   RO         3395    .constdata          ist8310driver.o
    0x080148a4   0x080148a4   0x00000008   Data   RO         8467    .constdata          stm32f4xx_hal_dma.o
    0x080148ac   0x080148ac   0x00000018   Data   RO         9129    .constdata          system_stm32f4xx.o
    0x080148c4   0x080148c4   0x0000000c   Data   RO        10663    .constdata          AHRS.lib(ahrs.o)
    0x080148d0   0x080148d0   0x00000804   Data   RO        10873    .constdata          arm_cortexM4lf_math.lib(arm_common_tables.o)
    0x080150d4   0x080150d4   0x00000051   Data   RO          334    .conststring        freertos.o
    0x08015125   0x08015125   0x00000003   PAD
    0x08015128   0x08015128   0x00000020   Data   RO        11503    Region$$Table       anon$$obj.o


    Execution Region RW_IRAM1 (Exec base: 0x20000000, Load base: 0x08015148, Size: 0x0000d2a8, Max: 0x00020000, ABSOLUTE, COMPRESSED[0x0000019c])

    Exec Addr    Load Addr    Size         Type   Attr      Idx    E Section Name        Object

    0x20000000   COMPRESSED   0x0000001c   Data   RW          335    .data               freertos.o
    0x2000001c   COMPRESSED   0x00000019   Data   RW          558    .data               chassis_task.o
    0x20000035   COMPRESSED   0x00000003   PAD
    0x20000038   COMPRESSED   0x000000dc   Data   RW          795    .data               gimbal_task.o
    0x20000114   COMPRESSED   0x00000004   Data   RW          899    .data               referee_usart_task.o
    0x20000118   COMPRESSED   0x00000009   Data   RW          969    .data               detect_task.o
    0x20000121   COMPRESSED   0x00000003   PAD
    0x20000124   COMPRESSED   0x000000b0   Data   RW         1027    .data               ins_task.o
    0x200001d4   COMPRESSED   0x00000004   Data   RW         1247    .data               can.o
    0x200001d8   COMPRESSED   0x00000008   Data   RW         1294    .data               crc.o
    0x200001e0   COMPRESSED   0x00000030   Data   RW         1720    .data               can_receive.o
    0x20000210   COMPRESSED   0x00000003   Data   RW         1822    .data               remote_control.o
    0x20000213   COMPRESSED   0x0000002f   Data   RW         2075    .data               referee.o
    0x20000242   COMPRESSED   0x00000002   PAD
    0x20000244   COMPRESSED   0x0000000e   Data   RW         2134    .data               board_talk.o
    0x20000252   COMPRESSED   0x00000002   PAD
    0x20000254   COMPRESSED   0x000001fc   Data   RW         2215    .data               engineer_behaviour.o
    0x20000450   COMPRESSED   0x0000000d   Data   RW         2339    .data               custom_ui_draw.o
    0x2000045d   COMPRESSED   0x00000001   PAD
    0x2000045e   COMPRESSED   0x00000002   Data   RW         2843    .data               crc8_crc16.o
    0x20000460   COMPRESSED   0x0000002c   Data   RW         3205    .data               bmi088driver.o
    0x2000048c   COMPRESSED   0x00000008   Data   RW         3524    .data               oled.o
    0x20000494   COMPRESSED   0x00000008   Data   RW         3796    .data               bsp_delay.o
    0x2000049c   COMPRESSED   0x00000010   Data   RW         3837    .data               bsp_flash.o
    0x200004ac   COMPRESSED   0x00000009   Data   RW         8899    .data               stm32f4xx_hal.o
    0x200004b5   COMPRESSED   0x00000003   PAD
    0x200004b8   COMPRESSED   0x00000004   Data   RW         9130    .data               system_stm32f4xx.o
    0x200004bc   COMPRESSED   0x0000003c   Data   RW         9700    .data               tasks.o
    0x200004f8   COMPRESSED   0x00000014   Data   RW        10015    .data               timers.o
    0x2000050c   COMPRESSED   0x00000018   Data   RW        10532    .data               heap_4.o
    0x20000524   COMPRESSED   0x0000000c   Data   RW        10583    .data               port.o
    0x20000530   COMPRESSED   0x00000010   Data   RW        10664    .data               AHRS.lib(ahrs.o)
    0x20000540        -       0x000006c0   Zero   RW          332    .bss                freertos.o
    0x20000c00        -       0x00000308   Zero   RW          557    .bss                chassis_task.o
    0x20000f08        -       0x00000864   Zero   RW          794    .bss                gimbal_task.o
    0x2000176c        -       0x000008a1   Zero   RW          898    .bss                referee_usart_task.o
    0x2000200d        -       0x0000021c   Zero   RW          967    .bss                detect_task.o
    0x20002229   COMPRESSED   0x00000003   PAD
    0x2000222c        -       0x000001b4   Zero   RW         1025    .bss                ins_task.o
    0x200023e0        -       0x00000090   Zero   RW         1198    .bss                adc.o
    0x20002470        -       0x00000050   Zero   RW         1246    .bss                can.o
    0x200024c0        -       0x0000015c   Zero   RW         1386    .bss                i2c.o
    0x2000261c        -       0x00000010   Zero   RW         1438    .bss                rng.o
    0x2000262c        -       0x00000170   Zero   RW         1481    .bss                spi.o
    0x2000279c        -       0x00000020   Zero   RW         1528    .bss                rtc.o
    0x200027bc        -       0x00000180   Zero   RW         1577    .bss                tim.o
    0x2000293c        -       0x000002a0   Zero   RW         1656    .bss                usart.o
    0x20002bdc   COMPRESSED   0x00000004   PAD
    0x20002be0        -       0x00000150   Zero   RW         1719    .bss                can_receive.o
    0x20002d30        -       0x00000072   Zero   RW         1821    .bss                remote_control.o
    0x20002da2        -       0x00000055   Zero   RW         2074    .bss                referee.o
    0x20002df7   COMPRESSED   0x00000001   PAD
    0x20002df8        -       0x00000194   Zero   RW         2133    .bss                board_talk.o
    0x20002f8c        -       0x00000058   Zero   RW         2214    .bss                engineer_behaviour.o
    0x20002fe4        -       0x00000020   Zero   RW         8121    .bss                stm32f4xx_hal_flash.o
    0x20003004        -       0x00000040   Zero   RW         9337    .bss                queue.o
    0x20003044        -       0x000000f0   Zero   RW         9699    .bss                tasks.o
    0x20003134        -       0x00000110   Zero   RW        10014    .bss                timers.o
    0x20003244        -       0x00006000   Zero   RW        10531    .bss                heap_4.o
    0x20009244        -       0x00000060   Zero   RW        11303    .bss                c_w.l(libspace.o)
    0x200092a4   COMPRESSED   0x00000004   PAD
    0x200092a8        -       0x00002000   Zero   RW            2    HEAP                startup_stm32f407xx.o
    0x2000b2a8        -       0x00002000   Zero   RW            1    STACK               startup_stm32f407xx.o


==============================================================================

Image component sizes


      Code (inc. data)   RO Data    RW Data    ZI Data      Debug   Object Name

       396         44          0          0        144       2386   adc.o
       212          8          0          0          0       4980   ahrs_middleware.o
      2338         40         18         44          0      10423   bmi088driver.o
       140         28          0          0          0       4680   bmi088middleware.o
       486         36          0         14        404       4394   board_talk.o
        36         12          0          0          0        937   bsp_buzzer.o
        92          8          0          0          0        566   bsp_can.o
       128         20          0          8          0       1260   bsp_delay.o
       694        108          0         16          0       3917   bsp_flash.o
       200         30          0          0          0       1432   bsp_i2c.o
        12          4          0          0          0        474   bsp_imu_pwm.o
       572         56          0          0          0       3283   bsp_rc.o
     10428        170          0          0          0       5606   bsp_spi.o
       764         62          0          0          0       2810   bsp_usart.o
       496         44          0          4         80       2410   can.o
      1800        146          0         48        336       7817   can_receive.o
       624         32          0          0          0       3849   chassis_behaviour.o
      1772        110          0         25        776     630927   chassis_task.o
       158          0          0          0          0      22414   cmsis_os.o
        84         18          0          8          0       1459   crc.o
       282         20        770          2          0       5026   crc8_crc16.o
      5672        106          0         13          0      15606   custom_ui_draw.o
      1352         46         84          9        540       3174   detect_task.o
       184          6          0          0          0        842   dma.o
      2798        532          0        508         88      13475   engineer_behaviour.o
         0          0          0          0          0      17768   event_groups.o
       258          0          0          0          0       9071   fifo.o
       268         52        277         28       1728       7058   freertos.o
       128          0          0          0          0       2379   fsm.o
         0          0          0          0          0        392   gimbal_behaviour.o
      2618        346          0        220       2148      12264   gimbal_task.o
       584         30          0          0          0       1331   gpio.o
       692         62          0         24      24576       4687   heap_4.o
       700         80          0          0        348       3068   i2c.o
      4900        430         12        176        436      24968   ins_task.o
       148          6         12          0          0       1423   ist8310driver.o
       136         22          0          0          0       3887   ist8310driver_middleware.o
       148          0          0          0          0       3482   list.o
       470         36          0          0          0     783616   main.o
        44         10          0          8          0       2149   oled.o
       368         10          0          0          0       1890   pid.o
      1014         92          0         12          0      11869   port.o
      1910         20          0          0         64      14408   queue.o
       608        152          0         47         85       2912   referee.o
       884         62          0          4       2209      11094   referee_usart_task.o
       654         44          0          3        114       3764   remote_control.o
        84         18          0          0         16       1459   rng.o
        76         16          0          0         32       1415   rtc.o
        10          0          0          0          0        497   servo_task.o
       604         54          0          0        368       2560   spi.o
        64         26        392          0      16384        828   startup_stm32f407xx.o
       172         32          0          9          0       3825   stm32f4xx_hal.o
       852         28          0          0          0       2687   stm32f4xx_hal_adc.o
      2136          6          0          0          0      14023   stm32f4xx_hal_can.o
       304         22          0          0          0      34351   stm32f4xx_hal_cortex.o
        36          0          0          0          0       1011   stm32f4xx_hal_crc.o
      1034         16          8          0          0       3820   stm32f4xx_hal_dma.o
       636         64          0          0         32       5814   stm32f4xx_hal_flash.o
       432         26          0          0          0       3182   stm32f4xx_hal_flash_ex.o
       568         50          0          0          0       3546   stm32f4xx_hal_gpio.o
      2772         46          0          0          0      11418   stm32f4xx_hal_i2c.o
        84          6          0          0          0        830   stm32f4xx_hal_msp.o
      1732         84          0          0          0       5428   stm32f4xx_hal_rcc.o
       416         20          0          0          0       1376   stm32f4xx_hal_rcc_ex.o
        52          0          0          0          0       1039   stm32f4xx_hal_rng.o
       336          4          0          0          0       2556   stm32f4xx_hal_rtc.o
       970          8          0          0          0       4433   stm32f4xx_hal_spi.o
      1572         90          0          0          0      12547   stm32f4xx_hal_tim.o
       200          0          0          0          0       2060   stm32f4xx_hal_tim_ex.o
      1316          8          0          0          0       3623   stm32f4xx_hal_uart.o
       152         30          0          0          0       7579   stm32f4xx_it.o
       100         18         24          4          0       1135   system_stm32f4xx.o
      3688        418          0         60        240      30101   tasks.o
      2040        152          0          0        384       6775   tim.o
      1238        124          0         20        272      26815   timers.o
      1016         92          0          0        672       3559   usart.o
        42          0          0          0          0        690   user_lib.o

    ----------------------------------------------------------------------
     73056       4598       1632       1328      52484    1878609   Object Totals
         0          0         32          0          0          0   (incl. Generated)
        70          0          3         14          8          0   (incl. Padding)

    ----------------------------------------------------------------------

      Code (inc. data)   RO Data    RW Data    ZI Data      Debug   Library Member Name

      2718         84         12         16          0       9922   ahrs.o
         0          0       2052          0          0       4636   arm_common_tables.o
       120         12          0          0          0      16970   arm_cos_f32.o
       116         12          0          0          0        658   arm_sin_f32.o
        90          0          0          0          0          0   __dczerorl2.o
         8          0          0          0          0         68   __main.o
         0          0          0          0          0          0   __rtentry.o
        12          0          0          0          0          0   __rtentry2.o
         6          0          0          0          0          0   __rtentry4.o
        52          8          0          0          0          0   __scatter.o
        28          0          0          0          0          0   __scatter_zi.o
        48          4          0          0          0         84   _fptrap.o
        22          0          0          0          0        100   _rserrno.o
        16          0          0          0          0         68   aeabi_memset.o
        10          0          0          0          0         68   defsig_exit.o
       172        110          0          0          0         76   defsig_fpe_inner.o
        14          0          0          0          0         80   defsig_fpe_outer.o
        50          0          0          0          0         88   defsig_general.o
        18          0          0          0          0         80   exit.o
         6          0          0          0          0        152   heapauxi.o
         0          0          0          0          0          0   indicate_semi.o
         2          0          0          0          0          0   libinit.o
         6          0          0          0          0          0   libinit2.o
         2          0          0          0          0          0   libshutdown.o
         2          0          0          0          0          0   libshutdown2.o
         8          4          0          0         96         68   libspace.o
       238          0          0          0          0        100   lludivv7m.o
         8          4          0          0          0         68   rt_errno_addr_intlibspace.o
        68          0          0          0          0         68   rt_memclr.o
        78          0          0          0          0         80   rt_memclr_w.o
       138          0          0          0          0         68   rt_memcpy_v6.o
       100          0          0          0          0         80   rt_memcpy_w.o
         2          0          0          0          0          0   rtexit.o
        10          0          0          0          0          0   rtexit2.o
        62          0          0          0          0         76   strlen.o
        12          4          0          0          0         68   sys_exit.o
        74          0          0          0          0         80   sys_stackheap_outer.o
        14          0          0          0          0         76   sys_wrch.o
         2          0          0          0          0         68   use_no_semi.o
       708         16          0          0          0        140   d2f_clz.o
        24          0          0          0          0        116   dcmpi.o
        72          0          0          0          0        232   dflt_clz.o
       120          8          0          0          0        140   dleqf.o
       448         16          0          0          0        164   dmul_clz.o
       258          4          0          0          0        156   dnaninf.o
       112          0          0          0          0        160   drenorm_clz.o
        12          0          0          0          0        116   dretinf.o
        98          0          0          0          0        128   drleqf.o
       378          0          0          0          0        168   dunder_clz.o
       492         36          0          0          0        148   except.o
       122          8          0          0          0        132   f2d.o
       180         16          0          0          0        132   ffixll.o
       158          0          0          0          0        132   ffltll_clz.o
       242          4          0          0          0        144   fnaninf.o
        10          0          0          0          0        116   fpinit.o
        10          0          0          0          0        116   fretinf.o
       316          0          0          0          0        132   funder_clz.o
       178          0          0          0          0        116   retnan.o
       126          0          0          0          0        148   trapv.o
         0          0          0          0          0          0   usenofp.o
       300         42          0          0          0        176   asinf.o
       684         90          0          0          0        208   atan2f.o
        44          0          0          0          0        248   fabs.o
        38          0          0          0          0        116   fpclassifyf.o
        44         12          0          0          0        464   funder.o
        62          0          0          0          0        136   sqrtf_full.o

    ----------------------------------------------------------------------
      9592        494       2064         16        100      38134   Library Totals
        24          0          0          0          4          0   (incl. Padding)

    ----------------------------------------------------------------------

      Code (inc. data)   RO Data    RW Data    ZI Data      Debug   Library Name

      2718         84         12         16          0       9922   AHRS.lib
       236         24       2052          0          0      22264   arm_cortexM4lf_math.lib
      1378        134          0          0         96       1764   c_w.l
      4064        108          0          0          0       2836   g_wm.l
      1172        144          0          0          0       1348   m_wm.l

    ----------------------------------------------------------------------
      9592        494       2064         16        100      38134   Library Totals

    ----------------------------------------------------------------------

==============================================================================


      Code (inc. data)   RO Data    RW Data    ZI Data      Debug   

     82648       5092       3696       1344      52584    1870707   Grand Totals
     82648       5092       3696        412      52584    1870707   ELF Image Totals (compressed)
     82648       5092       3696        412          0          0   ROM Totals

==============================================================================

    Total RO  Size (Code + RO Data)                86344 (  84.32kB)
    Total RW  Size (RW Data + ZI Data)             53928 (  52.66kB)
    Total ROM Size (Code + RO Data + RW Data)      86756 (  84.72kB)

==============================================================================

